POST http://127.0.0.1:8000/api/drivers/draft -> 422
POST http://127.0.0.1:8000/api/contracts/drafts -> 422
GET http://127.0.0.1:8000/api/contracts/drafts/drf_3f72e954 -> 404
GET http://127.0.0.1:8000/api/contracts/drafts/drf_d13c33c6 -> 404
GET http://127.0.0.1:8000/api/contracts/drafts/drf_1e80647f -> 404
GET http://localhost:8000/api/auth/me -> 401
GET http://localhost:8000/api/auth/me -> 401
DELETE http://127.0.0.1:8000/api/contracts/drafts/CNT-2026-042 -> 404
GET http://127.0.0.1:8000/api/contracts/drafts/CNT-2026-099 -> 404
GET http://localhost:8000/api/auth/me -> 401
GET http://localhost:8000/api/auth/me -> 401
POST http://localhost:8000/api/contracts/ -> 422
POST http://localhost:8000/api/contracts/ -> 422
POST http://localhost:8000/api/contracts/ -> 409
GET http://localhost:8000/api/auth/me -> 401
GET http://localhost:8000/api/auth/me -> 401
GET http://localhost:8000/api/auth/me -> 401
GET http://localhost:8000/api/auth/me -> 401
GET http://127.0.0.1:8000/api/contracts/drafts -> 404
PUT http://127.0.0.1:8000/api/contracts/drafts/test_draft_frontend_state -> 404
PUT http://localhost:8000/api/contracts/drafts/[object Object] -> 404
GET http://localhost:8000/api/auth/me -> 401
GET http://localhost:8000/api/auth/me -> 401
GET http://localhost:8000/api/auth/me -> 401
GET http://localhost:8000/api/auth/me -> 401
GET http://localhost:8000/api/auth/me -> 401
GET http://localhost:8000/api/auth/me -> 401
POST http://localhost:8000/api/driver-drafts/ -> 422
HEAD http://localhost:8000/uploads/Drivers_Export.pdf -> 404
HEAD http://localhost:8000/uploads/Drivers_Export.pdf -> 404
HEAD http://localhost:8000/uploads/Drivers_Export.pdf -> 404
HEAD http://localhost:8000/uploads/Drivers_Export.pdf -> 404
HEAD http://localhost:8000/uploads/Drivers_Export.pdf -> 404
HEAD http://localhost:8000/uploads/Drivers_Export.pdf -> 404
HEAD http://localhost:8000/uploads/Drivers_Export.pdf -> 404
HEAD http://localhost:8000/uploads/Drivers_Export.pdf -> 404
HEAD http://localhost:8000/uploads/Drivers_Export.pdf -> 404
POST http://localhost:8000/api/upload/ -> 400
POST http://localhost:8000/api/driver-drafts/drv_draft_507ec934/convert -> 404
GET http://localhost:8000/api/drivers/usr_b8bb8ac2 -> 404
GET http://localhost:8000/api/auth/me -> 401
GET http://localhost:8000/api/auth/me -> 401
GET http://localhost:8000/api/auth/me -> 401
GET http://localhost:8000/api/auth/me -> 401
GET http://localhost:8000/api/contract-services/ -> 401
GET http://localhost:8000/api/contract-documents/ -> 401
GET http://localhost:8000/api/contracts/ -> 401
GET http://localhost:8000/api/contract-notes/ -> 401
GET http://localhost:8000/api/contract-payments/ -> 401
GET http://localhost:8000/api/contract-activity/ -> 401
GET http://localhost:8000/api/contracts/drafts/all -> 401
GET http://localhost:8000/api/contract-services/ -> 401
GET http://localhost:8000/api/contract-documents/ -> 401
GET http://localhost:8000/api/contracts/ -> 401
GET http://localhost:8000/api/contract-notes/ -> 401
GET http://localhost:8000/api/contract-payments/ -> 401
GET http://localhost:8000/api/contract-activity/ -> 401
GET http://localhost:8000/api/contracts/drafts/all -> 401
GET http://localhost:8000/api/contract-services/ -> 401
GET http://localhost:8000/api/contracts/ -> 401
GET http://localhost:8000/api/contract-services/ -> 401
GET http://localhost:8000/api/contracts/ -> 401
GET http://localhost:8000/api/contracts/ -> 401
GET http://localhost:8000/api/contract-payments/ -> 401
GET http://localhost:8000/api/contract-notes/ -> 401
GET http://localhost:8000/api/contract-services/ -> 401
GET http://localhost:8000/api/contract-documents/ -> 401
GET http://localhost:8000/api/contract-activity/ -> 401
GET http://localhost:8000/api/contracts/drafts/all -> 401
GET http://localhost:8000/api/contracts/ -> 401
GET http://localhost:8000/api/contract-payments/ -> 401
GET http://localhost:8000/api/contract-notes/ -> 401
GET http://localhost:8000/api/contract-services/ -> 401
GET http://localhost:8000/api/contract-documents/ -> 401
GET http://localhost:8000/api/contract-activity/ -> 401
GET http://localhost:8000/api/contracts/drafts/all -> 401
GET http://localhost:8000/api/contracts/ -> 401
GET http://localhost:8000/api/contract-services/ -> 401
GET http://localhost:8000/api/contracts/ -> 401
GET http://localhost:8000/api/contract-services/ -> 401
GET http://localhost:8000/api/contract-documents/ -> 401
GET http://localhost:8000/api/contract-notes/ -> 401
GET http://localhost:8000/api/contract-payments/ -> 401
GET http://localhost:8000/api/contract-activity/ -> 401
GET http://localhost:8000/api/contracts/drafts/all -> 401
GET http://localhost:8000/api/contracts/ -> 401
GET http://localhost:8000/api/contract-services/ -> 401
GET http://localhost:8000/api/contract-documents/ -> 401
GET http://localhost:8000/api/contracts/ -> 401
GET http://localhost:8000/api/contract-services/ -> 401
GET http://localhost:8000/api/contracts/ -> 401
GET http://localhost:8000/api/contract-services/ -> 401
GET http://localhost:8000/api/contract-documents/ -> 401
GET http://localhost:8000/api/contract-notes/ -> 401
GET http://localhost:8000/api/contract-payments/ -> 401
GET http://localhost:8000/api/contract-activity/ -> 401
GET http://localhost:8000/api/contracts/drafts/all -> 401
GET http://localhost:8000/api/contracts/ -> 401
GET http://localhost:8000/api/contracts/ -> 401
GET http://localhost:8000/api/contract-services/ -> 401
GET http://localhost:8000/api/contract-documents/ -> 401
GET http://localhost:8000/api/contract-notes/ -> 401
GET http://localhost:8000/api/contract-payments/ -> 401
GET http://localhost:8000/api/contract-activity/ -> 401
GET http://localhost:8000/api/contracts/drafts/all -> 401
GET http://localhost:8000/api/contracts/ -> 401
GET http://localhost:8000/api/contract-services/ -> 401
GET http://localhost:8000/api/contract-documents/ -> 401
GET http://localhost:8000/api/contract-notes/ -> 401
GET http://localhost:8000/api/contract-payments/ -> 401
GET http://localhost:8000/api/contract-activity/ -> 401
GET http://localhost:8000/api/contracts/drafts/all -> 401
GET http://localhost:8000/api/contracts/ -> 401
GET http://localhost:8000/api/contract-services/ -> 401
GET http://localhost:8000/api/contract-notes/ -> 401
GET http://localhost:8000/api/contract-documents/ -> 401
GET http://localhost:8000/api/contract-payments/ -> 401
GET http://localhost:8000/api/contract-activity/ -> 401
GET http://localhost:8000/api/contracts/drafts/all -> 401
GET http://localhost:8000/api/contracts/ -> 401
GET http://localhost:8000/api/contract-services/ -> 401
GET http://localhost:8000/api/contract-notes/ -> 401
GET http://localhost:8000/api/contract-documents/ -> 401
GET http://localhost:8000/api/contract-payments/ -> 401
GET http://localhost:8000/api/contract-activity/ -> 401
GET http://localhost:8000/api/contracts/drafts/all -> 401
GET http://localhost:8000/api/contracts/ -> 401
GET http://localhost:8000/api/contract-services/ -> 401
GET http://localhost:8000/api/contracts/ -> 401
GET http://localhost:8000/api/contract-services/ -> 401
GET http://localhost:8000/api/contract-documents/ -> 401
GET http://localhost:8000/api/contract-notes/ -> 401
GET http://localhost:8000/api/contract-payments/ -> 401
GET http://localhost:8000/api/contract-activity/ -> 401
GET http://localhost:8000/api/contracts/drafts/all -> 401
GET http://localhost:8000/api/contracts/ -> 401
GET http://localhost:8000/api/contract-services/ -> 401
GET http://localhost:8000/api/contract-documents/ -> 401
GET http://localhost:8000/api/contract-notes/ -> 401
GET http://localhost:8000/api/contract-payments/ -> 401
GET http://localhost:8000/api/contract-activity/ -> 401
GET http://localhost:8000/api/contracts/drafts/all -> 401
GET http://localhost:8000/api/contracts/ -> 401
GET http://localhost:8000/api/contract-services/ -> 401
GET http://localhost:8000/api/contracts/ -> 401
GET http://localhost:8000/api/contracts/ -> 401
GET http://localhost:8000/api/contract-services/ -> 401
GET http://localhost:8000/api/contract-documents/ -> 401
GET http://localhost:8000/api/contract-notes/ -> 401
GET http://localhost:8000/api/contract-payments/ -> 401
GET http://localhost:8000/api/contract-activity/ -> 401
GET http://localhost:8000/api/contracts/drafts/all -> 401
GET http://localhost:8000/api/contracts/ -> 401
GET http://localhost:8000/api/contract-services/ -> 401
GET http://localhost:8000/api/contract-documents/ -> 401
GET http://localhost:8000/api/contract-notes/ -> 401
GET http://localhost:8000/api/contract-payments/ -> 401
GET http://localhost:8000/api/contracts/ -> 401
GET http://localhost:8000/api/contract-services/ -> 401
GET http://localhost:8000/api/contract-documents/ -> 401
GET http://localhost:8000/api/contract-notes/ -> 401
GET http://localhost:8000/api/contract-payments/ -> 401
GET http://localhost:8000/api/contract-activity/ -> 401
GET http://localhost:8000/api/contracts/drafts/all -> 401
GET http://localhost:8000/api/contracts/ -> 401
GET http://localhost:8000/api/contract-services/ -> 401
GET http://localhost:8000/api/contract-documents/ -> 401
GET http://localhost:8000/api/contract-notes/ -> 401
GET http://localhost:8000/api/contract-payments/ -> 401
GET http://localhost:8000/api/contract-activity/ -> 401
GET http://localhost:8000/api/contracts/drafts/all -> 401
GET http://localhost:8000/api/contracts/ -> 401
GET http://localhost:8000/api/contract-services/ -> 401
GET http://localhost:8000/api/contract-documents/ -> 401
GET http://localhost:8000/api/contract-notes/ -> 401
GET http://localhost:8000/api/contract-payments/ -> 401
GET http://localhost:8000/api/contract-activity/ -> 401
GET http://localhost:8000/api/contracts/drafts/all -> 401
GET http://localhost:8000/api/contracts/ -> 401
GET http://localhost:8000/api/contract-services/ -> 401
GET http://localhost:8000/api/contract-documents/ -> 401
GET http://localhost:8000/api/contract-notes/ -> 401
GET http://localhost:8000/api/contract-payments/ -> 401
GET http://localhost:8000/api/contract-activity/ -> 401
GET http://localhost:8000/api/contracts/drafts/all -> 401
GET http://localhost:8000/api/contracts/ -> 401
GET http://localhost:8000/api/contract-services/ -> 401
GET http://localhost:8000/api/contracts/ -> 401
GET http://localhost:8000/api/contract-services/ -> 401
GET http://localhost:8000/api/contracts/ -> 401
GET http://localhost:8000/api/contract-services/ -> 401
GET http://localhost:8000/api/contract-documents/ -> 401
GET http://localhost:8000/api/contract-notes/ -> 401
GET http://localhost:8000/api/contract-payments/ -> 401
GET http://localhost:8000/api/contract-activity/ -> 401
GET http://localhost:8000/api/contracts/drafts/all -> 401
GET http://localhost:8000/api/contracts/ -> 401
GET http://localhost:8000/api/contract-services/ -> 401
GET http://localhost:8000/api/contract-documents/ -> 401
GET http://localhost:8000/api/contract-notes/ -> 401
GET http://localhost:8000/api/contract-payments/ -> 401
GET http://localhost:8000/api/contract-activity/ -> 401
GET http://localhost:8000/api/contracts/drafts/all -> 401
GET http://localhost:8000/api/contracts/ -> 401
GET http://localhost:8000/api/contract-services/ -> 401
GET http://localhost:8000/api/contracts/ -> 401
GET http://localhost:8000/api/contract-services/ -> 401
GET http://localhost:8000/api/contracts/ -> 401
GET http://localhost:8000/api/contract-services/ -> 401
GET http://localhost:8000/api/contract-documents/ -> 401
GET http://localhost:8000/api/contract-notes/ -> 401
GET http://localhost:8000/api/contract-payments/ -> 401
GET http://localhost:8000/api/contract-activity/ -> 401
GET http://localhost:8000/api/contracts/drafts/all -> 401
GET http://localhost:8000/api/contracts/ -> 401
GET http://localhost:8000/api/contract-services/ -> 401
GET http://localhost:8000/api/contract-documents/ -> 401
GET http://localhost:8000/api/contract-notes/ -> 401
GET http://localhost:8000/api/contract-payments/ -> 401
GET http://localhost:8000/api/contract-activity/ -> 401
GET http://localhost:8000/api/contracts/drafts/all -> 401
GET http://localhost:8000/api/contracts/ -> 401
GET http://localhost:8000/api/contract-services/ -> 401
GET http://localhost:8000/api/contracts/ -> 401
GET http://localhost:8000/api/contract-services/ -> 401
GET http://localhost:8000/api/drivers/ -> 403
GET http://localhost:8000/api/vehicles/ -> 403
GET http://localhost:8000/api/driver-drafts/ -> 403
GET http://localhost:8000/api/vendors/ -> 403
GET http://localhost:8000/api/routes/ -> 403
GET http://localhost:8000/api/bookings/ -> 403
GET http://localhost:8000/api/contracts/ -> 403
GET http://localhost:8000/api/maintenance-logs/ -> 403
GET http://localhost:8000/api/fuel-logs/ -> 403
GET http://localhost:8000/api/compliance-docs/ -> 403
GET http://localhost:8000/api/audit-logs/ -> 403
GET http://localhost:8000/api/settings/ -> 403
GET http://localhost:8000/api/notifications/ -> 403
GET http://localhost:8000/api/driver-drafts/ -> 403
POST http://localhost:8000/api/drivers/ -> 403
POST http://localhost:8000/api/audit-logs/ -> 401
GET http://localhost:8000/api/contracts/ -> 401
GET http://localhost:8000/api/contract-notes/ -> 401
GET http://localhost:8000/api/contract-services/ -> 401
GET http://localhost:8000/api/contract-documents/ -> 401
GET http://localhost:8000/api/contract-services/ -> 401
GET http://localhost:8000/api/contracts/ -> 401
GET http://localhost:8000/api/contract-payments/ -> 401
GET http://localhost:8000/api/contract-activity/ -> 401
GET http://localhost:8000/api/contracts/drafts/all -> 401
GET http://localhost:8000/api/contracts/ -> 401
GET http://localhost:8000/api/contract-services/ -> 401
GET http://localhost:8000/api/contracts/ -> 401
GET http://localhost:8000/api/contract-services/ -> 401
GET http://localhost:8000/api/contract-documents/ -> 401
GET http://localhost:8000/api/contract-notes/ -> 401
GET http://localhost:8000/api/contract-payments/ -> 401
GET http://localhost:8000/api/contract-activity/ -> 401
GET http://localhost:8000/api/contracts/drafts/all -> 401
POST http://localhost:8000/api/audit-logs/ -> 401
POST http://localhost:8000/api/super-admin/login -> 401
POST http://localhost:8000/api/super-admin/login -> 401
GET http://localhost:8000/api/contracts/ -> 401
GET http://localhost:8000/api/contract-documents/ -> 401
GET http://localhost:8000/api/contract-services/ -> 401
GET http://localhost:8000/api/contract-notes/ -> 401
GET http://localhost:8000/api/contract-payments/ -> 401
GET http://localhost:8000/api/contract-activity/ -> 401
GET http://localhost:8000/api/contracts/drafts/all -> 401
GET http://localhost:8000/api/contracts/ -> 401
GET http://localhost:8000/api/contract-documents/ -> 401
GET http://localhost:8000/api/contract-services/ -> 401
GET http://localhost:8000/api/contract-notes/ -> 401
GET http://localhost:8000/api/contract-payments/ -> 401
GET http://localhost:8000/api/contract-activity/ -> 401
GET http://localhost:8000/api/contracts/drafts/all -> 401
GET http://localhost:8000/api/contracts/ -> 401
GET http://localhost:8000/api/contract-services/ -> 401
GET http://localhost:8000/api/contracts/ -> 401
GET http://localhost:8000/api/contract-services/ -> 401
GET http://localhost:8000/api/contracts/ -> 401
GET http://localhost:8000/api/contract-services/ -> 401
GET http://localhost:8000/api/contract-documents/ -> 401
GET http://localhost:8000/api/contract-notes/ -> 401
GET http://localhost:8000/api/contract-payments/ -> 401
GET http://localhost:8000/api/contract-activity/ -> 401
GET http://localhost:8000/api/contracts/drafts/all -> 401
GET http://localhost:8000/api/contracts/ -> 401
GET http://localhost:8000/api/contract-services/ -> 401
GET http://localhost:8000/api/contract-documents/ -> 401
GET http://localhost:8000/api/contract-notes/ -> 401
GET http://localhost:8000/api/contract-payments/ -> 401
GET http://localhost:8000/api/contract-activity/ -> 401
GET http://localhost:8000/api/contracts/drafts/all -> 401
GET http://localhost:8000/api/contracts/ -> 401
GET http://localhost:8000/api/contract-services/ -> 401
GET http://localhost:8000/api/contracts/ -> 401
GET http://localhost:8000/api/contract-services/ -> 401
GET http://localhost:8000/api/contracts/ -> 401
GET http://localhost:8000/api/contract-services/ -> 401
GET http://localhost:8000/api/contract-activity/ -> 401
GET http://localhost:8000/api/contract-payments/ -> 401
GET http://localhost:8000/api/contract-documents/ -> 401
GET http://localhost:8000/api/contracts/drafts/all -> 401
GET http://localhost:8000/api/contract-notes/ -> 401
GET http://localhost:8000/api/contracts/ -> 401
GET http://localhost:8000/api/contract-payments/ -> 401
GET http://localhost:8000/api/contracts/ -> 401
GET http://localhost:8000/api/contract-documents/ -> 401
GET http://localhost:8000/api/contract-services/ -> 401
GET http://localhost:8000/api/contract-notes/ -> 401
GET http://localhost:8000/api/contract-payments/ -> 401
GET http://localhost:8000/api/contract-activity/ -> 401
GET http://localhost:8000/api/contracts/drafts/all -> 401
GET http://localhost:8000/api/contracts/ -> 401
GET http://localhost:8000/api/contract-documents/ -> 401
GET http://localhost:8000/api/contract-services/ -> 401
GET http://localhost:8000/api/contract-notes/ -> 401
GET http://localhost:8000/api/contract-payments/ -> 401
GET http://localhost:8000/api/contract-activity/ -> 401
GET http://localhost:8000/api/contracts/ -> 401
GET http://localhost:8000/api/contract-services/ -> 401
GET http://localhost:8000/api/contract-documents/ -> 401
GET http://localhost:8000/api/contract-notes/ -> 401
GET http://localhost:8000/api/contract-payments/ -> 401
GET http://localhost:8000/api/contract-activity/ -> 401
GET http://localhost:8000/api/contracts/drafts/all -> 401
GET http://localhost:8000/api/contracts/ -> 401
GET http://localhost:8000/api/contract-services/ -> 401
GET http://localhost:8000/api/contract-documents/ -> 401
GET http://localhost:8000/api/contract-notes/ -> 401
GET http://localhost:8000/api/contract-payments/ -> 401
GET http://localhost:8000/api/contract-activity/ -> 401
GET http://localhost:8000/api/contracts/drafts/all -> 401
GET http://localhost:8000/api/contracts/ -> 401
GET http://localhost:8000/api/contract-services/ -> 401
GET http://localhost:8000/api/contracts/ -> 401
GET http://localhost:8000/api/contract-services/ -> 401
GET http://localhost:8000/api/contracts/ -> 401
GET http://localhost:8000/api/contract-documents/ -> 401
GET http://localhost:8000/api/contract-services/ -> 401
GET http://localhost:8000/api/contract-notes/ -> 401
GET http://localhost:8000/api/contract-payments/ -> 401
GET http://localhost:8000/api/contract-activity/ -> 401
GET http://localhost:8000/api/contracts/drafts/all -> 401
GET http://localhost:8000/api/contracts/ -> 401
GET http://localhost:8000/api/contract-documents/ -> 401
GET http://localhost:8000/api/contract-services/ -> 401
GET http://localhost:8000/api/contract-notes/ -> 401
GET http://localhost:8000/api/contract-payments/ -> 401
GET http://localhost:8000/api/contract-activity/ -> 401
GET http://localhost:8000/api/contracts/drafts/all -> 401
GET http://localhost:8000/api/contracts/ -> 401
GET http://localhost:8000/api/contract-services/ -> 401
GET http://localhost:8000/api/contracts/ -> 401
GET http://localhost:8000/api/contract-services/ -> 401
GET http://localhost:8000/api/contracts/ -> 401
GET http://localhost:8000/api/contract-payments/ -> 401
GET http://localhost:8000/api/contract-services/ -> 401
GET http://localhost:8000/api/contract-activity/ -> 401
GET http://localhost:8000/api/contract-notes/ -> 401
GET http://localhost:8000/api/contract-documents/ -> 401
GET http://localhost:8000/api/contracts/drafts/all -> 401
GET http://localhost:8000/api/contracts/ -> 401
GET http://localhost:8000/api/contract-payments/ -> 401
GET http://localhost:8000/api/contract-activity/ -> 401
GET http://localhost:8000/api/contract-notes/ -> 401
GET http://localhost:8000/api/contract-services/ -> 401
GET http://localhost:8000/api/contract-documents/ -> 401
GET http://localhost:8000/api/contracts/drafts/all -> 401
GET http://localhost:8000/api/contracts/ -> 401
GET http://localhost:8000/api/contract-services/ -> 401
GET http://localhost:8000/api/contracts/ -> 401
GET http://localhost:8000/api/contract-services/ -> 401
GET http://localhost:8000/api/contracts/ -> 401
GET http://localhost:8000/api/contract-services/ -> 401
GET http://localhost:8000/api/contract-documents/ -> 401
GET http://localhost:8000/api/contract-activity/ -> 401
GET http://localhost:8000/api/contract-notes/ -> 401
GET http://localhost:8000/api/contract-payments/ -> 401
GET http://localhost:8000/api/contracts/drafts/all -> 401
GET http://localhost:8000/api/contracts/ -> 401
GET http://localhost:8000/api/contract-services/ -> 401
GET http://localhost:8000/api/contract-documents/ -> 401
GET http://localhost:8000/api/contract-activity/ -> 401
GET http://localhost:8000/api/contract-notes/ -> 401
GET http://localhost:8000/api/contract-payments/ -> 401
GET http://localhost:8000/api/contracts/drafts/all -> 401
GET http://localhost:8000/api/contracts/ -> 401
GET http://localhost:8000/api/contract-services/ -> 401
GET http://localhost:8000/api/contracts/ -> 401
GET http://localhost:8000/api/contract-services/ -> 401
POST http://localhost:8000/api/super-admin/login -> 401
GET http://localhost:8000/api/contracts/ -> 401
GET http://localhost:8000/api/contract-services/ -> 401
GET http://localhost:8000/api/contract-documents/ -> 401
GET http://localhost:8000/api/contract-notes/ -> 401
GET http://localhost:8000/api/contract-payments/ -> 401
GET http://localhost:8000/api/contract-activity/ -> 401
GET http://localhost:8000/api/contracts/drafts/all -> 401
GET http://localhost:8000/api/contracts/ -> 401
GET http://localhost:8000/api/contract-services/ -> 401
GET http://localhost:8000/api/contract-documents/ -> 401
GET http://localhost:8000/api/contract-notes/ -> 401
GET http://localhost:8000/api/contract-payments/ -> 401
GET http://localhost:8000/api/contract-activity/ -> 401
GET http://localhost:8000/api/contracts/drafts/all -> 401
GET http://localhost:8000/api/contracts/ -> 401
GET http://localhost:8000/api/contract-services/ -> 401
GET http://localhost:8000/api/contracts/ -> 401
GET http://localhost:8000/api/contract-services/ -> 401
GET http://localhost:8000/api/contracts/ -> 401
GET http://localhost:8000/api/contract-services/ -> 401
GET http://localhost:8000/api/contract-documents/ -> 401
GET http://localhost:8000/api/contract-notes/ -> 401
GET http://localhost:8000/api/contract-payments/ -> 401
GET http://localhost:8000/api/contract-activity/ -> 401
GET http://localhost:8000/api/contracts/drafts/all -> 401
GET http://localhost:8000/api/contracts/ -> 401
GET http://localhost:8000/api/contract-services/ -> 401
GET http://localhost:8000/api/contract-documents/ -> 401
GET http://localhost:8000/api/contract-notes/ -> 401
GET http://localhost:8000/api/contract-payments/ -> 401
GET http://localhost:8000/api/contract-activity/ -> 401
GET http://localhost:8000/api/contracts/drafts/all -> 401
GET http://localhost:8000/api/contracts/ -> 401
GET http://localhost:8000/api/contract-services/ -> 401
GET http://localhost:8000/api/contracts/ -> 401
GET http://localhost:8000/api/contract-services/ -> 401
GET http://localhost:8000/api/contracts/ -> 401
GET http://localhost:8000/api/contract-services/ -> 401
GET http://localhost:8000/api/contract-documents/ -> 401
GET http://localhost:8000/api/contract-notes/ -> 401
GET http://localhost:8000/api/contract-payments/ -> 401
GET http://localhost:8000/api/contract-activity/ -> 401
GET http://localhost:8000/api/contracts/drafts/all -> 401
GET http://localhost:8000/api/contracts/ -> 401
GET http://localhost:8000/api/contract-services/ -> 401
GET http://localhost:8000/api/contract-documents/ -> 401
GET http://localhost:8000/api/contract-notes/ -> 401
GET http://localhost:8000/api/contract-payments/ -> 401
GET http://localhost:8000/api/contract-activity/ -> 401
GET http://localhost:8000/api/contracts/drafts/all -> 401
GET http://localhost:8000/api/contracts/ -> 401
GET http://localhost:8000/api/contract-services/ -> 401
GET http://localhost:8000/api/contracts/ -> 401
GET http://localhost:8000/api/contract-services/ -> 401
POST http://localhost:8000/api/audit-logs/ -> 401
GET http://localhost:8000/api/contracts/ -> 401
GET http://localhost:8000/api/contracts/ -> 401
GET http://localhost:8000/api/contract-services/ -> 401
GET http://localhost:8000/api/contract-documents/ -> 401
GET http://localhost:8000/api/contract-notes/ -> 401
GET http://localhost:8000/api/contract-payments/ -> 401
GET http://localhost:8000/api/contract-activity/ -> 401
GET http://localhost:8000/api/contracts/drafts/all -> 401
GET http://localhost:8000/api/contracts/ -> 401
GET http://localhost:8000/api/contract-services/ -> 401
GET http://localhost:8000/api/contract-documents/ -> 401
GET http://localhost:8000/api/contract-notes/ -> 401
GET http://localhost:8000/api/contract-payments/ -> 401
GET http://localhost:8000/api/contract-activity/ -> 401
GET http://localhost:8000/api/contracts/drafts/all -> 401
GET http://localhost:8000/api/contracts/ -> 401
GET http://localhost:8000/api/contract-services/ -> 401
GET http://localhost:8000/api/contract-services/ -> 401
GET http://localhost:8000/api/contracts/ -> 401
GET http://localhost:8000/api/contract-documents/ -> 401
GET http://localhost:8000/api/contract-activity/ -> 401
GET http://localhost:8000/api/contract-payments/ -> 401
GET http://localhost:8000/api/contract-notes/ -> 401
GET http://localhost:8000/api/contract-services/ -> 401
GET http://localhost:8000/api/contracts/drafts/all -> 401
GET http://localhost:8000/api/contracts/ -> 401
GET http://localhost:8000/api/contract-documents/ -> 401
GET http://localhost:8000/api/contract-activity/ -> 401
GET http://localhost:8000/api/contract-payments/ -> 401
GET http://localhost:8000/api/contract-notes/ -> 401
GET http://localhost:8000/api/contract-services/ -> 401
GET http://localhost:8000/api/contracts/drafts/all -> 401
GET http://localhost:8000/api/contracts/ -> 401
GET http://localhost:8000/api/contract-services/ -> 401
GET http://localhost:8000/api/contracts/ -> 401
GET http://localhost:8000/api/contract-services/ -> 401
POST http://localhost:8000/api/audit-logs/ -> 401
POST http://localhost:8000/api/super-admin/login -> 401
GET http://localhost:8000/api/contracts/ -> 401
GET http://localhost:8000/api/contract-services/ -> 401
GET http://localhost:8000/api/contracts/ -> 401
GET http://localhost:8000/api/contract-documents/ -> 401
GET http://localhost:8000/api/contract-notes/ -> 401
GET http://localhost:8000/api/contract-payments/ -> 401
GET http://localhost:8000/api/contract-activity/ -> 401
GET http://localhost:8000/api/contracts/drafts/all -> 401
GET http://localhost:8000/api/contract-services/ -> 401
GET http://localhost:8000/api/contracts/ -> 401
GET http://localhost:8000/api/contract-documents/ -> 401
GET http://localhost:8000/api/contract-notes/ -> 401
GET http://localhost:8000/api/contract-payments/ -> 401
GET http://localhost:8000/api/contract-activity/ -> 401
GET http://localhost:8000/api/contracts/drafts/all -> 401
GET http://localhost:8000/api/contract-services/ -> 401
GET http://localhost:8000/api/contracts/ -> 401
GET http://localhost:8000/api/contract-services/ -> 401
GET http://localhost:8000/api/contracts/ -> 401
GET http://localhost:8000/api/contract-services/ -> 401
GET http://localhost:8000/api/contracts/ -> 401
GET http://localhost:8000/api/contract-documents/ -> 401
GET http://localhost:8000/api/contract-notes/ -> 401
GET http://localhost:8000/api/contract-services/ -> 401
GET http://localhost:8000/api/contract-payments/ -> 401
GET http://localhost:8000/api/contract-activity/ -> 401
GET http://localhost:8000/api/contracts/ -> 401
GET http://localhost:8000/api/contract-services/ -> 401
GET http://localhost:8000/api/contracts/drafts/all -> 401
GET http://localhost:8000/api/contracts/ -> 401
GET http://localhost:8000/api/contract-services/ -> 401
GET http://localhost:8000/api/contract-documents/ -> 401
GET http://localhost:8000/api/contract-notes/ -> 401
GET http://localhost:8000/api/contracts/drafts/all -> 401
GET http://localhost:8000/api/contract-activity/ -> 401
GET http://localhost:8000/api/contract-payments/ -> 401
GET http://localhost:8000/api/contracts/ -> 401
GET http://localhost:8000/api/contract-services/ -> 401
GET http://localhost:8000/api/contract-documents/ -> 401
GET http://localhost:8000/api/contract-notes/ -> 401
GET http://localhost:8000/api/contract-payments/ -> 401
GET http://localhost:8000/api/contract-activity/ -> 401
GET http://localhost:8000/api/contracts/drafts/all -> 401
GET http://localhost:8000/api/contracts/ -> 401
GET http://localhost:8000/api/contract-services/ -> 401
GET http://localhost:8000/api/contract-documents/ -> 401
GET http://localhost:8000/api/contract-notes/ -> 401
GET http://localhost:8000/api/contract-payments/ -> 401
GET http://localhost:8000/api/contract-activity/ -> 401
GET http://localhost:8000/api/contracts/drafts/all -> 401
GET http://localhost:8000/api/contracts/ -> 401
GET http://localhost:8000/api/contract-services/ -> 401
GET http://localhost:8000/api/contracts/ -> 401
GET http://localhost:8000/api/contract-services/ -> 401
POST http://localhost:8000/api/drivers/ -> 401
GET http://localhost:8000/api/contract-activity/ -> 401
GET http://localhost:8000/api/contract-services/ -> 401
GET http://localhost:8000/api/contract-documents/ -> 401
GET http://localhost:8000/api/contracts/ -> 401
GET http://localhost:8000/api/contract-notes/ -> 401
GET http://localhost:8000/api/contract-payments/ -> 401
GET http://localhost:8000/api/contract-activity/ -> 401
GET http://localhost:8000/api/contract-services/ -> 401
GET http://localhost:8000/api/contracts/drafts/all -> 401
GET http://localhost:8000/api/auth/me -> 401
GET http://localhost:8000/api/contract-documents/ -> 401
GET http://localhost:8000/api/contracts/ -> 401
GET http://localhost:8000/api/contract-notes/ -> 401
GET http://localhost:8000/api/contract-payments/ -> 401
GET http://localhost:8000/api/contracts/drafts/all -> 401
GET http://localhost:8000/api/contracts/ -> 401
GET http://localhost:8000/api/contract-services/ -> 401
GET http://localhost:8000/api/auth/me -> 401
GET http://localhost:8000/api/contracts/ -> 401
GET http://localhost:8000/api/contract-services/ -> 401
POST http://localhost:8000/api/audit-logs/ -> 401
GET http://localhost:8000/api/contracts/ -> 401
GET http://localhost:8000/api/contract-services/ -> 401
GET http://localhost:8000/api/contract-documents/ -> 401
GET http://localhost:8000/api/contract-notes/ -> 401
GET http://localhost:8000/api/contract-payments/ -> 401
GET http://localhost:8000/api/contract-activity/ -> 401
GET http://localhost:8000/api/contracts/drafts/all -> 401
GET http://localhost:8000/api/contracts/ -> 401
GET http://localhost:8000/api/contract-services/ -> 401
GET http://localhost:8000/api/contract-documents/ -> 401
GET http://localhost:8000/api/contract-notes/ -> 401
GET http://localhost:8000/api/contract-payments/ -> 401
GET http://localhost:8000/api/contract-activity/ -> 401
GET http://localhost:8000/api/contracts/drafts/all -> 401
GET http://localhost:8000/api/contracts/ -> 401
GET http://localhost:8000/api/contract-services/ -> 401
GET http://localhost:8000/api/contracts/ -> 401
GET http://localhost:8000/api/contract-services/ -> 401
GET http://localhost:8000/api/contracts/ -> 401
GET http://localhost:8000/api/contract-documents/ -> 401
GET http://localhost:8000/api/contract-services/ -> 401
GET http://localhost:8000/api/contract-notes/ -> 401
GET http://localhost:8000/api/contract-payments/ -> 401
GET http://localhost:8000/api/contract-activity/ -> 401
GET http://localhost:8000/api/contracts/drafts/all -> 401
GET http://localhost:8000/api/contracts/ -> 401
GET http://localhost:8000/api/contract-documents/ -> 401
GET http://localhost:8000/api/contract-services/ -> 401
GET http://localhost:8000/api/contract-notes/ -> 401
GET http://localhost:8000/api/contract-payments/ -> 401
GET http://localhost:8000/api/contract-activity/ -> 401
GET http://localhost:8000/api/contracts/drafts/all -> 401
GET http://localhost:8000/api/contracts/ -> 401
GET http://localhost:8000/api/contract-services/ -> 401
GET http://localhost:8000/api/contracts/ -> 401
GET http://localhost:8000/api/contract-services/ -> 401
GET http://localhost:8000/api/contracts/ -> 401
GET http://localhost:8000/api/contract-services/ -> 401
GET http://localhost:8000/api/contract-documents/ -> 401
GET http://localhost:8000/api/contract-notes/ -> 401
GET http://localhost:8000/api/contract-payments/ -> 401
GET http://localhost:8000/api/contract-activity/ -> 401
GET http://localhost:8000/api/contracts/drafts/all -> 401
GET http://localhost:8000/api/contracts/ -> 401
GET http://localhost:8000/api/contract-documents/ -> 401
GET http://localhost:8000/api/contract-services/ -> 401
GET http://localhost:8000/api/contract-notes/ -> 401
GET http://localhost:8000/api/contract-payments/ -> 401
GET http://localhost:8000/api/contract-activity/ -> 401
GET http://localhost:8000/api/contracts/drafts/all -> 401
GET http://localhost:8000/api/contracts/ -> 401
GET http://localhost:8000/api/contract-services/ -> 401
GET http://localhost:8000/api/contracts/ -> 401
GET http://localhost:8000/api/contract-services/ -> 401
POST http://localhost:8000/api/audit-logs/ -> 401
POST http://localhost:8000/api/audit-logs/ -> 401
GET http://localhost:8000/api/contracts/ -> 401
GET http://localhost:8000/api/contract-services/ -> 401
GET http://localhost:8000/api/contract-documents/ -> 401
GET http://localhost:8000/api/contract-notes/ -> 401
GET http://localhost:8000/api/contract-payments/ -> 401
GET http://localhost:8000/api/contract-activity/ -> 401
GET http://localhost:8000/api/contracts/drafts/all -> 401
GET http://localhost:8000/api/contracts/ -> 401
GET http://localhost:8000/api/contract-services/ -> 401
GET http://localhost:8000/api/contract-documents/ -> 401
GET http://localhost:8000/api/contract-notes/ -> 401
GET http://localhost:8000/api/contract-payments/ -> 401
GET http://localhost:8000/api/contract-activity/ -> 401
GET http://localhost:8000/api/contracts/drafts/all -> 401
GET http://localhost:8000/api/contracts/ -> 401
GET http://localhost:8000/api/contract-services/ -> 401
GET http://localhost:8000/api/contracts/ -> 401
GET http://localhost:8000/api/contract-services/ -> 401
GET http://localhost:8000/api/contracts/ -> 401
GET http://localhost:8000/api/contract-services/ -> 401
GET http://localhost:8000/api/contract-documents/ -> 401
GET http://localhost:8000/api/contract-notes/ -> 401
GET http://localhost:8000/api/contract-payments/ -> 401
GET http://localhost:8000/api/contract-activity/ -> 401
GET http://localhost:8000/api/contracts/drafts/all -> 401
GET http://localhost:8000/api/contracts/ -> 401
GET http://localhost:8000/api/contract-services/ -> 401
GET http://localhost:8000/api/contract-documents/ -> 401
GET http://localhost:8000/api/contract-notes/ -> 401
GET http://localhost:8000/api/contract-payments/ -> 401
GET http://localhost:8000/api/contract-activity/ -> 401
GET http://localhost:8000/api/contracts/drafts/all -> 401
GET http://localhost:8000/api/contracts/ -> 401
GET http://localhost:8000/api/contract-services/ -> 401
GET http://localhost:8000/api/contracts/ -> 401
GET http://localhost:8000/api/contract-services/ -> 401
POST http://localhost:8000/api/audit-logs/ -> 401
POST http://localhost:8000/api/audit-logs/ -> 401
GET http://localhost:8000/api/contracts/ -> 401
GET http://localhost:8000/api/contract-services/ -> 401
GET http://localhost:8000/api/contract-documents/ -> 401
GET http://localhost:8000/api/contract-notes/ -> 401
GET http://localhost:8000/api/contract-payments/ -> 401
GET http://localhost:8000/api/contract-activity/ -> 401
GET http://localhost:8000/api/contracts/drafts/all -> 401
GET http://localhost:8000/api/contracts/ -> 401
GET http://localhost:8000/api/contract-services/ -> 401
GET http://localhost:8000/api/contract-documents/ -> 401
GET http://localhost:8000/api/contract-notes/ -> 401
GET http://localhost:8000/api/contract-payments/ -> 401
GET http://localhost:8000/api/contract-activity/ -> 401
GET http://localhost:8000/api/contracts/drafts/all -> 401
GET http://localhost:8000/api/contracts/ -> 401
GET http://localhost:8000/api/contract-services/ -> 401
GET http://localhost:8000/api/contracts/ -> 401
GET http://localhost:8000/api/contract-services/ -> 401
GET http://localhost:8000/api/contracts/ -> 401
GET http://localhost:8000/api/contract-notes/ -> 401
GET http://localhost:8000/api/contract-documents/ -> 401
GET http://localhost:8000/api/contract-activity/ -> 401
GET http://localhost:8000/api/contract-services/ -> 401
GET http://localhost:8000/api/contract-payments/ -> 401
GET http://localhost:8000/api/contracts/drafts/all -> 401
GET http://localhost:8000/api/contracts/ -> 401
GET http://localhost:8000/api/contract-notes/ -> 401
GET http://localhost:8000/api/contract-activity/ -> 401
GET http://localhost:8000/api/contract-documents/ -> 401
GET http://localhost:8000/api/contract-services/ -> 401
GET http://localhost:8000/api/contract-payments/ -> 401
GET http://localhost:8000/api/contracts/drafts/all -> 401
GET http://localhost:8000/api/contracts/ -> 401
GET http://localhost:8000/api/contract-services/ -> 401
GET http://localhost:8000/api/contracts/ -> 401
GET http://localhost:8000/api/contract-services/ -> 401
GET http://localhost:8000/api/contracts/ -> 401
GET http://localhost:8000/api/contract-activity/ -> 401
GET http://localhost:8000/api/contract-documents/ -> 401
GET http://localhost:8000/api/contract-notes/ -> 401
GET http://localhost:8000/api/contract-payments/ -> 401
GET http://localhost:8000/api/contract-services/ -> 401
GET http://localhost:8000/api/contracts/drafts/all -> 401
GET http://localhost:8000/api/contracts/ -> 401
GET http://localhost:8000/api/contract-notes/ -> 401
GET http://localhost:8000/api/contract-activity/ -> 401
GET http://localhost:8000/api/contract-documents/ -> 401
GET http://localhost:8000/api/contract-payments/ -> 401
GET http://localhost:8000/api/contract-services/ -> 401
GET http://localhost:8000/api/contracts/ -> 401
GET http://localhost:8000/api/contracts/drafts/all -> 401
GET http://localhost:8000/api/contracts/ -> 401
GET http://localhost:8000/api/contract-services/ -> 401
GET http://localhost:8000/api/contract-services/ -> 401
POST http://localhost:8000/api/driver-drafts/ -> 401
GET http://localhost:8000/api/contracts/ -> 401
GET http://localhost:8000/api/contract-services/ -> 401
GET http://localhost:8000/api/contract-notes/ -> 401
GET http://localhost:8000/api/contract-payments/ -> 401
GET http://localhost:8000/api/contracts/drafts/all -> 401
GET http://localhost:8000/api/contract-documents/ -> 401
GET http://localhost:8000/api/contract-activity/ -> 401
GET http://localhost:8000/api/contracts/ -> 401
GET http://localhost:8000/api/contract-services/ -> 401
GET http://localhost:8000/api/contracts/ -> 401
GET http://localhost:8000/api/contract-services/ -> 401
GET http://localhost:8000/api/contract-documents/ -> 401
GET http://localhost:8000/api/contract-notes/ -> 401
GET http://localhost:8000/api/contract-payments/ -> 401
GET http://localhost:8000/api/contract-activity/ -> 401
GET http://localhost:8000/api/contracts/drafts/all -> 401
GET http://localhost:8000/api/contracts/ -> 401
GET http://localhost:8000/api/contract-services/ -> 401
GET http://localhost:8000/api/contract-documents/ -> 401
GET http://localhost:8000/api/contract-notes/ -> 401
GET http://localhost:8000/api/contract-payments/ -> 401
GET http://localhost:8000/api/contract-activity/ -> 401
GET http://localhost:8000/api/contracts/drafts/all -> 401
GET http://localhost:8000/api/contracts/ -> 401
GET http://localhost:8000/api/contract-services/ -> 401
GET http://localhost:8000/api/contracts/ -> 401
GET http://localhost:8000/api/contract-services/ -> 401
GET http://localhost:8000/api/contracts/ -> 401
GET http://localhost:8000/api/contract-services/ -> 401
GET http://localhost:8000/api/contract-documents/ -> 401
GET http://localhost:8000/api/contract-payments/ -> 401
GET http://localhost:8000/api/contract-notes/ -> 401
GET http://localhost:8000/api/contract-activity/ -> 401
GET http://localhost:8000/api/contracts/drafts/all -> 401
GET http://localhost:8000/api/contracts/ -> 401
GET http://localhost:8000/api/contract-services/ -> 401
GET http://localhost:8000/api/contract-documents/ -> 401
GET http://localhost:8000/api/contract-payments/ -> 401
GET http://localhost:8000/api/contract-notes/ -> 401
GET http://localhost:8000/api/contract-activity/ -> 401
GET http://localhost:8000/api/contracts/drafts/all -> 401
GET http://localhost:8000/api/contracts/ -> 401
GET http://localhost:8000/api/contract-services/ -> 401
GET http://localhost:8000/api/contracts/ -> 401
GET http://localhost:8000/api/contract-services/ -> 401
GET http://localhost:8000/api/contracts/ -> 401
GET http://localhost:8000/api/contract-payments/ -> 401
GET http://localhost:8000/api/contract-activity/ -> 401
GET http://localhost:8000/api/contract-notes/ -> 401
GET http://localhost:8000/api/contract-documents/ -> 401
GET http://localhost:8000/api/contract-services/ -> 401
GET http://localhost:8000/api/contracts/drafts/all -> 401
GET http://localhost:8000/api/contracts/ -> 401
GET http://localhost:8000/api/contract-activity/ -> 401
GET http://localhost:8000/api/contract-payments/ -> 401
GET http://localhost:8000/api/contract-notes/ -> 401
GET http://localhost:8000/api/contract-documents/ -> 401
GET http://localhost:8000/api/contract-services/ -> 401
GET http://localhost:8000/api/contracts/drafts/all -> 401
GET http://localhost:8000/api/contracts/ -> 401
GET http://localhost:8000/api/contract-services/ -> 401
GET http://localhost:8000/api/contracts/ -> 401
GET http://localhost:8000/api/contract-services/ -> 401
GET http://localhost:8000/api/contracts/ -> 401
GET http://localhost:8000/api/contract-services/ -> 401
GET http://localhost:8000/api/contract-payments/ -> 401
GET http://localhost:8000/api/contract-documents/ -> 401
GET http://localhost:8000/api/contract-notes/ -> 401
GET http://localhost:8000/api/contract-activity/ -> 401
GET http://localhost:8000/api/contracts/drafts/all -> 401
GET http://localhost:8000/api/contracts/ -> 401
GET http://localhost:8000/api/contract-services/ -> 401
GET http://localhost:8000/api/contract-documents/ -> 401
GET http://localhost:8000/api/contract-payments/ -> 401
GET http://localhost:8000/api/contract-notes/ -> 401
GET http://localhost:8000/api/contract-activity/ -> 401
GET http://localhost:8000/api/contracts/drafts/all -> 401
GET http://localhost:8000/api/contracts/ -> 401
GET http://localhost:8000/api/contract-services/ -> 401
GET http://localhost:8000/api/contract-documents/ -> 401
GET http://localhost:8000/api/contract-payments/ -> 401
GET http://localhost:8000/api/contract-notes/ -> 401
GET http://localhost:8000/api/contract-activity/ -> 401
GET http://localhost:8000/api/contracts/drafts/all -> 401
GET http://localhost:8000/api/contracts/ -> 401
GET http://localhost:8000/api/contract-services/ -> 401
GET http://localhost:8000/api/contracts/ -> 401
GET http://localhost:8000/api/contract-services/ -> 401
GET http://localhost:8000/api/contracts/ -> 401
GET http://localhost:8000/api/contract-services/ -> 401
GET http://localhost:8000/api/contract-documents/ -> 401
GET http://localhost:8000/api/contract-notes/ -> 401
GET http://localhost:8000/api/contract-activity/ -> 401
GET http://localhost:8000/api/contract-payments/ -> 401
GET http://localhost:8000/api/contracts/drafts/all -> 401
GET http://localhost:8000/api/contracts/ -> 401
GET http://localhost:8000/api/contract-services/ -> 401
GET http://localhost:8000/api/contract-documents/ -> 401
GET http://localhost:8000/api/contract-notes/ -> 401
GET http://localhost:8000/api/contract-activity/ -> 401
GET http://localhost:8000/api/contract-payments/ -> 401
GET http://localhost:8000/api/contracts/drafts/all -> 401
GET http://localhost:8000/api/contracts/ -> 401
GET http://localhost:8000/api/contract-services/ -> 401
GET http://localhost:8000/api/contracts/ -> 401
GET http://localhost:8000/api/contract-services/ -> 401
GET http://localhost:8000/api/contracts/ -> 401
GET http://localhost:8000/api/contract-services/ -> 401
GET http://localhost:8000/api/contract-documents/ -> 401
GET http://localhost:8000/api/contract-notes/ -> 401
GET http://localhost:8000/api/contract-activity/ -> 401
GET http://localhost:8000/api/contract-payments/ -> 401
GET http://localhost:8000/api/contracts/drafts/all -> 401
GET http://localhost:8000/api/contracts/ -> 401
GET http://localhost:8000/api/contract-services/ -> 401
GET http://localhost:8000/api/contract-documents/ -> 401
GET http://localhost:8000/api/contract-notes/ -> 401
GET http://localhost:8000/api/contract-activity/ -> 401
GET http://localhost:8000/api/contract-payments/ -> 401
GET http://localhost:8000/api/contracts/drafts/all -> 401
GET http://localhost:8000/api/contracts/ -> 401
GET http://localhost:8000/api/contract-services/ -> 401
GET http://localhost:8000/api/contracts/ -> 401
GET http://localhost:8000/api/contract-services/ -> 401
GET http://localhost:8000/api/contracts/ -> 401
GET http://localhost:8000/api/contract-documents/ -> 401
GET http://localhost:8000/api/contract-services/ -> 401
GET http://localhost:8000/api/contract-notes/ -> 401
GET http://localhost:8000/api/contract-payments/ -> 401
GET http://localhost:8000/api/contract-activity/ -> 401
GET http://localhost:8000/api/contracts/drafts/all -> 401
GET http://localhost:8000/api/contracts/ -> 401
GET http://localhost:8000/api/contract-documents/ -> 401
GET http://localhost:8000/api/contract-services/ -> 401
GET http://localhost:8000/api/contract-notes/ -> 401
GET http://localhost:8000/api/contract-payments/ -> 401
GET http://localhost:8000/api/contract-activity/ -> 401
GET http://localhost:8000/api/contracts/drafts/all -> 401
GET http://localhost:8000/api/contracts/ -> 401
GET http://localhost:8000/api/contract-services/ -> 401
GET http://localhost:8000/api/contracts/ -> 401
GET http://localhost:8000/api/contract-services/ -> 401
GET http://localhost:8000/api/contracts/ -> 401
GET http://localhost:8000/api/contract-services/ -> 401
GET http://localhost:8000/api/contract-notes/ -> 401
GET http://localhost:8000/api/contract-activity/ -> 401
GET http://localhost:8000/api/contract-payments/ -> 401
GET http://localhost:8000/api/contract-documents/ -> 401
GET http://localhost:8000/api/contracts/drafts/all -> 401
GET http://localhost:8000/api/contracts/ -> 401
GET http://localhost:8000/api/contract-services/ -> 401
GET http://localhost:8000/api/contract-notes/ -> 401
GET http://localhost:8000/api/contract-activity/ -> 401
GET http://localhost:8000/api/contract-payments/ -> 401
GET http://localhost:8000/api/contract-documents/ -> 401
GET http://localhost:8000/api/contracts/drafts/all -> 401
GET http://localhost:8000/api/contracts/ -> 401
GET http://localhost:8000/api/contract-services/ -> 401
GET http://localhost:8000/api/contracts/ -> 401
GET http://localhost:8000/api/contract-services/ -> 401
GET http://localhost:8000/api/contracts/ -> 401
GET http://localhost:8000/api/contract-services/ -> 401
GET http://localhost:8000/api/contract-documents/ -> 401
GET http://localhost:8000/api/contract-notes/ -> 401
GET http://localhost:8000/api/contract-payments/ -> 401
GET http://localhost:8000/api/contract-activity/ -> 401
GET http://localhost:8000/api/contracts/ -> 401
GET http://localhost:8000/api/contracts/drafts/all -> 401
GET http://localhost:8000/api/contract-services/ -> 401
GET http://localhost:8000/api/contract-documents/ -> 401
GET http://localhost:8000/api/contract-notes/ -> 401
GET http://localhost:8000/api/contract-payments/ -> 401
GET http://localhost:8000/api/contract-activity/ -> 401
GET http://localhost:8000/api/contracts/ -> 401
GET http://localhost:8000/api/contracts/drafts/all -> 401
GET http://localhost:8000/api/contract-services/ -> 401
GET http://localhost:8000/api/contracts/ -> 401
GET http://localhost:8000/api/contract-services/ -> 401
GET http://localhost:8000/api/contracts/ -> 401
GET http://localhost:8000/api/contract-services/ -> 401
GET http://localhost:8000/api/contract-documents/ -> 401
GET http://localhost:8000/api/contract-notes/ -> 401
GET http://localhost:8000/api/contract-payments/ -> 401
GET http://localhost:8000/api/contract-activity/ -> 401
GET http://localhost:8000/api/contracts/drafts/all -> 401
GET http://localhost:8000/api/contracts/ -> 401
GET http://localhost:8000/api/contract-documents/ -> 401
GET http://localhost:8000/api/contract-services/ -> 401
GET http://localhost:8000/api/contract-notes/ -> 401
GET http://localhost:8000/api/contract-payments/ -> 401
GET http://localhost:8000/api/contract-activity/ -> 401
GET http://localhost:8000/api/contracts/drafts/all -> 401
GET http://localhost:8000/api/contract-services/ -> 401
GET http://localhost:8000/api/contracts/ -> 401
GET http://localhost:8000/api/contract-services/ -> 401
GET http://localhost:8000/api/contracts/ -> 401
GET http://localhost:8000/api/contracts/ -> 401
GET http://localhost:8000/api/contract-services/ -> 401
GET http://localhost:8000/api/contract-documents/ -> 401
GET http://localhost:8000/api/contract-notes/ -> 401
GET http://localhost:8000/api/contract-payments/ -> 401
GET http://localhost:8000/api/contract-activity/ -> 401
GET http://localhost:8000/api/contracts/drafts/all -> 401
GET http://localhost:8000/api/contracts/ -> 401
GET http://localhost:8000/api/contract-services/ -> 401
GET http://localhost:8000/api/contract-documents/ -> 401
GET http://localhost:8000/api/contract-notes/ -> 401
GET http://localhost:8000/api/contract-payments/ -> 401
GET http://localhost:8000/api/contract-activity/ -> 401
GET http://localhost:8000/api/contracts/drafts/all -> 401
GET http://localhost:8000/api/contracts/ -> 401
GET http://localhost:8000/api/contract-services/ -> 401
GET http://localhost:8000/api/contracts/ -> 401
GET http://localhost:8000/api/contract-services/ -> 401
GET http://localhost:8000/api/contracts/ -> 401
GET http://localhost:8000/api/contract-notes/ -> 401
GET http://localhost:8000/api/contract-payments/ -> 401
GET http://localhost:8000/api/contract-activity/ -> 401
GET http://localhost:8000/api/contract-services/ -> 401
GET http://localhost:8000/api/contract-documents/ -> 401
GET http://localhost:8000/api/contracts/drafts/all -> 401
GET http://localhost:8000/api/contracts/ -> 401
GET http://localhost:8000/api/contract-notes/ -> 401
GET http://localhost:8000/api/contract-payments/ -> 401
GET http://localhost:8000/api/contract-activity/ -> 401
GET http://localhost:8000/api/contract-services/ -> 401
GET http://localhost:8000/api/contract-documents/ -> 401
GET http://localhost:8000/api/contracts/drafts/all -> 401
GET http://localhost:8000/api/contracts/ -> 401
GET http://localhost:8000/api/contract-services/ -> 401
GET http://localhost:8000/api/contracts/ -> 401
GET http://localhost:8000/api/contract-services/ -> 401
GET http://localhost:8000/api/contracts/ -> 401
GET http://localhost:8000/api/contract-services/ -> 401
GET http://localhost:8000/api/contract-documents/ -> 401
GET http://localhost:8000/api/contract-notes/ -> 401
GET http://localhost:8000/api/contract-payments/ -> 401
GET http://localhost:8000/api/contract-activity/ -> 401
GET http://localhost:8000/api/contracts/drafts/all -> 401
GET http://localhost:8000/api/contracts/ -> 401
GET http://localhost:8000/api/contract-services/ -> 401
GET http://localhost:8000/api/contract-documents/ -> 401
GET http://localhost:8000/api/contract-notes/ -> 401
GET http://localhost:8000/api/contract-payments/ -> 401
GET http://localhost:8000/api/contract-activity/ -> 401
GET http://localhost:8000/api/contracts/drafts/all -> 401
GET http://localhost:8000/api/contracts/ -> 401
GET http://localhost:8000/api/contract-services/ -> 401
GET http://localhost:8000/api/contracts/ -> 401
GET http://localhost:8000/api/contract-services/ -> 401
POST http://localhost:8000/api/audit-logs/ -> 401
GET http://localhost:8000/api/contract-services/ -> 401
GET http://localhost:8000/api/contracts/ -> 401
GET http://localhost:8000/api/contract-documents/ -> 401
GET http://localhost:8000/api/contract-notes/ -> 401
GET http://localhost:8000/api/contract-payments/ -> 401
GET http://localhost:8000/api/contract-activity/ -> 401
GET http://localhost:8000/api/contracts/drafts/all -> 401
GET http://localhost:8000/api/contract-services/ -> 401
GET http://localhost:8000/api/contracts/ -> 401
GET http://localhost:8000/api/contract-documents/ -> 401
GET http://localhost:8000/api/contract-notes/ -> 401
GET http://localhost:8000/api/contract-payments/ -> 401
GET http://localhost:8000/api/contract-activity/ -> 401
GET http://localhost:8000/api/contracts/drafts/all -> 401
GET http://localhost:8000/api/contract-services/ -> 401
GET http://localhost:8000/api/contracts/ -> 401
GET http://localhost:8000/api/contract-services/ -> 401
GET http://localhost:8000/api/contracts/ -> 401
GET http://localhost:8000/api/contracts/ -> 401
GET http://localhost:8000/api/contract-services/ -> 401
GET http://localhost:8000/api/contract-documents/ -> 401
GET http://localhost:8000/api/contract-notes/ -> 401
GET http://localhost:8000/api/contract-payments/ -> 401
GET http://localhost:8000/api/contract-activity/ -> 401
GET http://localhost:8000/api/contracts/drafts/all -> 401
GET http://localhost:8000/api/contracts/ -> 401
GET http://localhost:8000/api/contract-services/ -> 401
GET http://localhost:8000/api/contract-documents/ -> 401
GET http://localhost:8000/api/contract-notes/ -> 401
GET http://localhost:8000/api/contract-payments/ -> 401
GET http://localhost:8000/api/contract-activity/ -> 401
GET http://localhost:8000/api/contracts/drafts/all -> 401
GET http://localhost:8000/api/contracts/ -> 401
GET http://localhost:8000/api/contract-services/ -> 401
GET http://localhost:8000/api/contracts/ -> 401
GET http://localhost:8000/api/contract-services/ -> 401
GET http://localhost:8000/api/contracts/ -> 401
GET http://localhost:8000/api/contract-documents/ -> 401
GET http://localhost:8000/api/contract-services/ -> 401
GET http://localhost:8000/api/contract-activity/ -> 401
GET http://localhost:8000/api/contract-notes/ -> 401
GET http://localhost:8000/api/contract-payments/ -> 401
GET http://localhost:8000/api/contracts/drafts/all -> 401
GET http://localhost:8000/api/contracts/ -> 401
GET http://localhost:8000/api/contract-documents/ -> 401
GET http://localhost:8000/api/contract-services/ -> 401
GET http://localhost:8000/api/contract-activity/ -> 401
GET http://localhost:8000/api/contract-notes/ -> 401
GET http://localhost:8000/api/contract-payments/ -> 401
GET http://localhost:8000/api/contracts/drafts/all -> 401
GET http://localhost:8000/api/contracts/ -> 401
GET http://localhost:8000/api/contract-services/ -> 401
GET http://localhost:8000/api/contracts/ -> 401
GET http://localhost:8000/api/contract-services/ -> 401
GET http://localhost:8000/api/contracts/ -> 401
GET http://localhost:8000/api/contract-notes/ -> 401
GET http://localhost:8000/api/contract-documents/ -> 401
GET http://localhost:8000/api/contract-services/ -> 401
GET http://localhost:8000/api/contract-payments/ -> 401
GET http://localhost:8000/api/contract-activity/ -> 401
GET http://localhost:8000/api/contracts/drafts/all -> 401
GET http://localhost:8000/api/contracts/ -> 401
GET http://localhost:8000/api/contract-notes/ -> 401
GET http://localhost:8000/api/contract-documents/ -> 401
GET http://localhost:8000/api/contract-services/ -> 401
GET http://localhost:8000/api/contract-activity/ -> 401
GET http://localhost:8000/api/contract-payments/ -> 401
GET http://localhost:8000/api/contracts/drafts/all -> 401
GET http://localhost:8000/api/contracts/ -> 401
GET http://localhost:8000/api/contract-services/ -> 401
GET http://localhost:8000/api/contracts/ -> 401
GET http://localhost:8000/api/contract-services/ -> 401
GET http://localhost:8000/api/contracts/ -> 401
GET http://localhost:8000/api/contract-services/ -> 401
GET http://localhost:8000/api/contract-documents/ -> 401
GET http://localhost:8000/api/contract-notes/ -> 401
GET http://localhost:8000/api/contract-payments/ -> 401
GET http://localhost:8000/api/contract-activity/ -> 401
GET http://localhost:8000/api/contracts/drafts/all -> 401
GET http://localhost:8000/api/contract-services/ -> 401
GET http://localhost:8000/api/contracts/ -> 401
GET http://localhost:8000/api/contract-documents/ -> 401
GET http://localhost:8000/api/contract-notes/ -> 401
GET http://localhost:8000/api/contract-payments/ -> 401
GET http://localhost:8000/api/contract-activity/ -> 401
GET http://localhost:8000/api/contracts/drafts/all -> 401
GET http://localhost:8000/api/contract-services/ -> 401
GET http://localhost:8000/api/contracts/ -> 401
GET http://localhost:8000/api/contract-services/ -> 401
GET http://localhost:8000/api/contracts/ -> 401
GET http://localhost:8000/api/contracts/ -> 401
GET http://localhost:8000/api/contract-services/ -> 401
GET http://localhost:8000/api/contract-documents/ -> 401
GET http://localhost:8000/api/contract-notes/ -> 401
GET http://localhost:8000/api/contract-payments/ -> 401
GET http://localhost:8000/api/contracts/ -> 401
GET http://localhost:8000/api/contract-activity/ -> 401
GET http://localhost:8000/api/contract-documents/ -> 401
GET http://localhost:8000/api/contracts/drafts/all -> 401
GET http://localhost:8000/api/contract-services/ -> 401
GET http://localhost:8000/api/contract-notes/ -> 401
GET http://localhost:8000/api/contract-payments/ -> 401
GET http://localhost:8000/api/contracts/ -> 401
GET http://localhost:8000/api/contract-activity/ -> 401
GET http://localhost:8000/api/contract-services/ -> 401
GET http://localhost:8000/api/contracts/drafts/all -> 401
GET http://localhost:8000/api/contracts/ -> 401
GET http://localhost:8000/api/contract-services/ -> 401
GET http://localhost:8000/api/contracts/ -> 401
GET http://localhost:8000/api/contract-notes/ -> 401
GET http://localhost:8000/api/contract-services/ -> 401
GET http://localhost:8000/api/contract-payments/ -> 401
GET http://localhost:8000/api/contract-documents/ -> 401
GET http://localhost:8000/api/contract-activity/ -> 401
GET http://localhost:8000/api/contracts/ -> 401
GET http://localhost:8000/api/contracts/drafts/all -> 401
GET http://localhost:8000/api/contract-notes/ -> 401
GET http://localhost:8000/api/contract-services/ -> 401
GET http://localhost:8000/api/contract-documents/ -> 401
GET http://localhost:8000/api/contract-payments/ -> 401
GET http://localhost:8000/api/contract-activity/ -> 401
GET http://localhost:8000/api/contracts/ -> 401
GET http://localhost:8000/api/contracts/drafts/all -> 401
GET http://localhost:8000/api/contract-services/ -> 401
GET http://localhost:8000/api/contracts/ -> 401
GET http://localhost:8000/api/contract-services/ -> 401
GET http://localhost:8000/api/contracts/ -> 401
GET http://localhost:8000/api/contract-services/ -> 401
GET http://localhost:8000/api/contract-activity/ -> 401
GET http://localhost:8000/api/contract-documents/ -> 401
GET http://localhost:8000/api/contract-notes/ -> 401
GET http://localhost:8000/api/contract-payments/ -> 401
GET http://localhost:8000/api/contracts/drafts/all -> 401
GET http://localhost:8000/api/contracts/ -> 401
GET http://localhost:8000/api/contract-services/ -> 401
GET http://localhost:8000/api/contract-activity/ -> 401
GET http://localhost:8000/api/contract-documents/ -> 401
GET http://localhost:8000/api/contract-notes/ -> 401
GET http://localhost:8000/api/contract-payments/ -> 401
GET http://localhost:8000/api/contracts/drafts/all -> 401
GET http://localhost:8000/api/contract-services/ -> 401
GET http://localhost:8000/api/contracts/ -> 401
GET http://localhost:8000/api/contract-services/ -> 401
GET http://localhost:8000/api/contracts/ -> 401
POST http://localhost:8000/api/audit-logs/ -> 401
POST http://localhost:8000/api/auth/login -> 401
GET http://localhost:8000/api/contracts/ -> 401
GET http://localhost:8000/api/contract-services/ -> 401
GET http://localhost:8000/api/contracts/ -> 401
GET http://localhost:8000/api/contract-documents/ -> 401
GET http://localhost:8000/api/contract-notes/ -> 401
GET http://localhost:8000/api/contract-payments/ -> 401
GET http://localhost:8000/api/contract-activity/ -> 401
GET http://localhost:8000/api/contracts/drafts/all -> 401
GET http://localhost:8000/api/contract-services/ -> 401
GET http://localhost:8000/api/contracts/ -> 401
GET http://localhost:8000/api/contract-documents/ -> 401
GET http://localhost:8000/api/contract-notes/ -> 401
GET http://localhost:8000/api/contract-payments/ -> 401
GET http://localhost:8000/api/contract-activity/ -> 401
GET http://localhost:8000/api/contracts/drafts/all -> 401
GET http://localhost:8000/api/contract-services/ -> 401
GET http://localhost:8000/api/contracts/ -> 401
GET http://localhost:8000/api/contract-services/ -> 401
GET http://localhost:8000/api/contracts/ -> 401
GET http://localhost:8000/api/contract-services/ -> 401
GET http://localhost:8000/api/contract-documents/ -> 401
GET http://localhost:8000/api/contract-notes/ -> 401
GET http://localhost:8000/api/contract-payments/ -> 401
GET http://localhost:8000/api/contract-activity/ -> 401
GET http://localhost:8000/api/contracts/drafts/all -> 401
GET http://localhost:8000/api/contracts/ -> 401
GET http://localhost:8000/api/contract-services/ -> 401
GET http://localhost:8000/api/contract-documents/ -> 401
GET http://localhost:8000/api/contract-notes/ -> 401
GET http://localhost:8000/api/contract-payments/ -> 401
GET http://localhost:8000/api/contract-activity/ -> 401
GET http://localhost:8000/api/contracts/drafts/all -> 401
GET http://localhost:8000/api/contracts/ -> 401
GET http://localhost:8000/api/contract-services/ -> 401
GET http://localhost:8000/api/contracts/ -> 401
GET http://localhost:8000/api/contract-services/ -> 401
POST http://localhost:8000/api/audit-logs/ -> 401
POST http://localhost:8000/api/super-admin/login -> 401
GET http://localhost:8000/api/contract-services/ -> 401
GET http://localhost:8000/api/contracts/ -> 401
GET http://localhost:8000/api/contract-documents/ -> 401
GET http://localhost:8000/api/contract-notes/ -> 401
GET http://localhost:8000/api/contract-payments/ -> 401
GET http://localhost:8000/api/contract-activity/ -> 401
GET http://localhost:8000/api/contracts/drafts/all -> 401
GET http://localhost:8000/api/contract-services/ -> 401
GET http://localhost:8000/api/contracts/ -> 401
GET http://localhost:8000/api/contract-documents/ -> 401
GET http://localhost:8000/api/contract-notes/ -> 401
GET http://localhost:8000/api/contract-payments/ -> 401
GET http://localhost:8000/api/contract-activity/ -> 401
GET http://localhost:8000/api/contracts/drafts/all -> 401
GET http://localhost:8000/api/contract-services/ -> 401
GET http://localhost:8000/api/contracts/ -> 401
GET http://localhost:8000/api/contract-services/ -> 401
GET http://localhost:8000/api/contracts/ -> 401
GET http://localhost:8000/api/contracts/ -> 401
GET http://localhost:8000/api/contract-services/ -> 401
GET http://localhost:8000/api/contract-documents/ -> 401
GET http://localhost:8000/api/contract-notes/ -> 401
GET http://localhost:8000/api/contract-payments/ -> 401
GET http://localhost:8000/api/contract-activity/ -> 401
GET http://localhost:8000/api/contracts/drafts/all -> 401
GET http://localhost:8000/api/contracts/ -> 401
GET http://localhost:8000/api/contract-services/ -> 401
GET http://localhost:8000/api/contract-documents/ -> 401
GET http://localhost:8000/api/contract-notes/ -> 401
GET http://localhost:8000/api/contract-payments/ -> 401
GET http://localhost:8000/api/contract-activity/ -> 401
GET http://localhost:8000/api/contracts/drafts/all -> 401
GET http://localhost:8000/api/contracts/ -> 401
GET http://localhost:8000/api/contract-services/ -> 401
GET http://localhost:8000/api/contracts/ -> 401
GET http://localhost:8000/api/contract-services/ -> 401
POST http://localhost:8000/api/audit-logs/ -> 401
POST http://localhost:8000/api/drivers/ -> 422
POST http://localhost:8000/api/drivers/ -> 422
POST http://localhost:8000/api/drivers/ -> 422
POST http://localhost:8000/api/drivers/ -> 422
POST http://localhost:8000/api/driver-drafts/ -> 422
POST http://127.0.0.1:8000/api/drivers/draft -> 405
POST http://127.0.0.1:8000/api/driver-drafts/ -> 401
POST http://localhost:8000/api/vendors/ -> 422
POST http://localhost:8000/api/vendors/ -> 422
GET http://127.0.0.1:8000/api/drivers/ -> 401
POST http://localhost:8000/api/drivers/ -> 422
POST http://localhost:8000/api/drivers/ -> 422
GET http://localhost:8000/api/contract-services/ -> 401
GET http://localhost:8000/api/contracts/ -> 401
GET http://localhost:8000/api/contract-documents/ -> 401
GET http://localhost:8000/api/contract-payments/ -> 401
GET http://localhost:8000/api/contract-notes/ -> 401
GET http://localhost:8000/api/contract-activity/ -> 401
GET http://localhost:8000/api/contracts/ -> 401
GET http://localhost:8000/api/contracts/ -> 401
GET http://localhost:8000/api/contract-services/ -> 401
GET http://localhost:8000/api/contract-services/ -> 401
GET http://localhost:8000/api/contract-documents/ -> 401
GET http://localhost:8000/api/contract-notes/ -> 401
GET http://localhost:8000/api/contract-payments/ -> 401
GET http://localhost:8000/api/contract-activity/ -> 401
GET http://localhost:8000/api/contracts/drafts/all -> 401
GET http://localhost:8000/api/contracts/ -> 401
GET http://localhost:8000/api/auth/me -> 401
GET http://localhost:8000/api/contract-services/ -> 401
GET http://localhost:8000/api/contract-services/ -> 401
GET http://localhost:8000/api/contract-notes/ -> 401
GET http://localhost:8000/api/contract-documents/ -> 401
GET http://localhost:8000/api/contracts/ -> 401
GET http://localhost:8000/api/contract-activity/ -> 401
GET http://localhost:8000/api/contracts/drafts/all -> 401
GET http://localhost:8000/api/contract-payments/ -> 401
GET http://localhost:8000/api/auth/me -> 401
POST http://localhost:8000/api/drivers/ -> 422
POST http://127.0.0.1:8000/api/drivers/ -> 401
GET http://localhost:8000/api/contract-notes/ -> 401
GET http://localhost:8000/api/contracts/ -> 401
GET http://localhost:8000/api/contract-services/ -> 401
GET http://localhost:8000/api/contracts/ -> 401
GET http://localhost:8000/api/contract-services/ -> 401
GET http://localhost:8000/api/contract-documents/ -> 401
GET http://localhost:8000/api/contract-payments/ -> 401
GET http://localhost:8000/api/contracts/ -> 401
GET http://localhost:8000/api/contracts/drafts/all -> 401
GET http://localhost:8000/api/auth/me -> 401
GET http://localhost:8000/api/contract-activity/ -> 401
GET http://localhost:8000/api/contracts/ -> 401
GET http://localhost:8000/api/contract-services/ -> 401
GET http://localhost:8000/api/contract-services/ -> 401
GET http://localhost:8000/api/contract-documents/ -> 401
GET http://localhost:8000/api/contract-payments/ -> 401
GET http://localhost:8000/api/contract-notes/ -> 401
GET http://localhost:8000/api/contract-activity/ -> 401
GET http://localhost:8000/api/auth/me -> 401
GET http://localhost:8000/api/contracts/drafts/all -> 401
POST http://127.0.0.1:8000/api/auth/login -> 401
POST http://localhost:8000/api/audit-logs/ -> 401
GET http://localhost:8000/api/contracts/ -> 401
GET http://localhost:8000/api/contract-services/ -> 401
GET http://localhost:8000/api/contract-documents/ -> 401
GET http://localhost:8000/api/contract-notes/ -> 401
GET http://localhost:8000/api/contract-payments/ -> 401
GET http://localhost:8000/api/contract-activity/ -> 401
GET http://localhost:8000/api/contracts/drafts/all -> 401
GET http://localhost:8000/api/contracts/ -> 401
GET http://localhost:8000/api/contract-services/ -> 401
GET http://localhost:8000/api/contract-documents/ -> 401
GET http://localhost:8000/api/contract-notes/ -> 401
GET http://localhost:8000/api/contract-payments/ -> 401
GET http://localhost:8000/api/contract-activity/ -> 401
GET http://localhost:8000/api/contracts/drafts/all -> 401
GET http://localhost:8000/api/contracts/ -> 401
GET http://localhost:8000/api/contract-services/ -> 401
GET http://localhost:8000/api/contracts/ -> 401
GET http://localhost:8000/api/contract-services/ -> 401
GET http://localhost:8000/api/contracts/ -> 401
GET http://localhost:8000/api/contract-services/ -> 401
GET http://localhost:8000/api/contract-payments/ -> 401
GET http://localhost:8000/api/contract-documents/ -> 401
GET http://localhost:8000/api/contract-notes/ -> 401
GET http://localhost:8000/api/contract-activity/ -> 401
GET http://localhost:8000/api/contracts/drafts/all -> 401
GET http://localhost:8000/api/contracts/ -> 401
GET http://localhost:8000/api/contract-services/ -> 401
GET http://localhost:8000/api/contract-payments/ -> 401
GET http://localhost:8000/api/contract-documents/ -> 401
GET http://localhost:8000/api/contract-notes/ -> 401
GET http://localhost:8000/api/contract-activity/ -> 401
GET http://localhost:8000/api/contracts/drafts/all -> 401
GET http://localhost:8000/api/contracts/ -> 401
GET http://localhost:8000/api/contract-services/ -> 401
GET http://localhost:8000/api/contracts/ -> 401
GET http://localhost:8000/api/contract-services/ -> 401
GET http://localhost:8000/api/contract-services/ -> 401
GET http://localhost:8000/api/contract-notes/ -> 401
GET http://localhost:8000/api/contract-documents/ -> 401
GET http://localhost:8000/api/contracts/ -> 401
GET http://localhost:8000/api/contract-payments/ -> 401
GET http://localhost:8000/api/contract-activity/ -> 401
GET http://localhost:8000/api/auth/me -> 401
GET http://localhost:8000/api/contracts/drafts/all -> 401
GET http://localhost:8000/api/contract-notes/ -> 401
GET http://localhost:8000/api/contract-services/ -> 401
GET http://localhost:8000/api/contract-documents/ -> 401
GET http://localhost:8000/api/contract-payments/ -> 401
GET http://localhost:8000/api/contracts/ -> 401
GET http://localhost:8000/api/contract-activity/ -> 401
GET http://localhost:8000/api/contracts/drafts/all -> 401
GET http://localhost:8000/api/auth/me -> 401
GET http://localhost:8000/api/contract-services/ -> 401
GET http://localhost:8000/api/contracts/ -> 401
GET http://localhost:8000/api/contract-services/ -> 401
GET http://localhost:8000/api/contracts/ -> 401
GET http://localhost:8000/api/contracts/ -> 401
GET http://localhost:8000/api/contract-services/ -> 401
GET http://localhost:8000/api/contract-documents/ -> 401
GET http://localhost:8000/api/contract-notes/ -> 401
GET http://localhost:8000/api/contract-payments/ -> 401
GET http://localhost:8000/api/contract-activity/ -> 401
GET http://localhost:8000/api/contracts/ -> 401
GET http://localhost:8000/api/contract-services/ -> 401
GET http://localhost:8000/api/contracts/drafts/all -> 401
GET http://localhost:8000/api/contract-documents/ -> 401
GET http://localhost:8000/api/contract-notes/ -> 401
GET http://localhost:8000/api/contract-payments/ -> 401
GET http://localhost:8000/api/contract-activity/ -> 401
GET http://localhost:8000/api/contracts/ -> 401
GET http://localhost:8000/api/contract-services/ -> 401
GET http://localhost:8000/api/contracts/drafts/all -> 401
GET http://localhost:8000/api/contracts/ -> 401
GET http://localhost:8000/api/contract-services/ -> 401
GET http://localhost:8000/api/contracts/ -> 401
GET http://localhost:8000/api/contract-services/ -> 401
GET http://localhost:8000/api/contract-notes/ -> 401
GET http://localhost:8000/api/contract-documents/ -> 401
GET http://localhost:8000/api/contract-activity/ -> 401
GET http://localhost:8000/api/contract-payments/ -> 401
GET http://localhost:8000/api/contracts/drafts/all -> 401
GET http://localhost:8000/api/contracts/ -> 401
GET http://localhost:8000/api/contract-services/ -> 401
GET http://localhost:8000/api/contract-notes/ -> 401
GET http://localhost:8000/api/contract-documents/ -> 401
GET http://localhost:8000/api/contract-activity/ -> 401
GET http://localhost:8000/api/contract-payments/ -> 401
GET http://localhost:8000/api/contracts/drafts/all -> 401
GET http://localhost:8000/api/contracts/ -> 401
GET http://localhost:8000/api/contract-services/ -> 401
GET http://localhost:8000/api/contracts/ -> 401
GET http://localhost:8000/api/contract-services/ -> 401
POST http://localhost:8000/api/audit-logs/ -> 401
POST http://localhost:8000/api/audit-logs/ -> 401
POST http://localhost:8000/api/auth/login -> 401
POST http://localhost:8000/api/drivers/ -> 401
GET http://localhost:8000/api/contracts/ -> 401
GET http://localhost:8000/api/contract-notes/ -> 401
GET http://localhost:8000/api/contract-services/ -> 401
GET http://localhost:8000/api/contract-documents/ -> 401
GET http://localhost:8000/api/contract-activity/ -> 401
GET http://localhost:8000/api/contract-payments/ -> 401
GET http://localhost:8000/api/contracts/drafts/all -> 401
GET http://localhost:8000/api/contracts/ -> 401
GET http://localhost:8000/api/contract-notes/ -> 401
GET http://localhost:8000/api/contract-services/ -> 401
GET http://localhost:8000/api/contract-documents/ -> 401
GET http://localhost:8000/api/contract-activity/ -> 401
GET http://localhost:8000/api/contract-payments/ -> 401
GET http://localhost:8000/api/contracts/drafts/all -> 401
GET http://localhost:8000/api/contracts/ -> 401
GET http://localhost:8000/api/contract-services/ -> 401
GET http://localhost:8000/api/contracts/ -> 401
GET http://localhost:8000/api/contract-services/ -> 401
GET http://localhost:8000/api/contracts/ -> 401
GET http://localhost:8000/api/contract-activity/ -> 401
GET http://localhost:8000/api/contract-services/ -> 401
GET http://localhost:8000/api/contract-documents/ -> 401
GET http://localhost:8000/api/contract-notes/ -> 401
GET http://localhost:8000/api/contract-payments/ -> 401
GET http://localhost:8000/api/contracts/drafts/all -> 401
GET http://localhost:8000/api/contracts/ -> 401
GET http://localhost:8000/api/contract-activity/ -> 401
GET http://localhost:8000/api/contract-services/ -> 401
GET http://localhost:8000/api/contract-documents/ -> 401
GET http://localhost:8000/api/contract-notes/ -> 401
GET http://localhost:8000/api/contract-payments/ -> 401
GET http://localhost:8000/api/contracts/drafts/all -> 401
GET http://localhost:8000/api/contracts/ -> 401
GET http://localhost:8000/api/contract-services/ -> 401
GET http://localhost:8000/api/contracts/ -> 401
GET http://localhost:8000/api/contract-services/ -> 401
POST http://localhost:8000/api/vehicles/ -> 422
POST http://localhost:8000/api/audit-logs/ -> 401
GET http://localhost:8000/api/contracts/ -> 401
GET http://localhost:8000/api/contract-documents/ -> 401
GET http://localhost:8000/api/contract-services/ -> 401
GET http://localhost:8000/api/contract-notes/ -> 401
GET http://localhost:8000/api/contract-payments/ -> 401
GET http://localhost:8000/api/contract-activity/ -> 401
GET http://localhost:8000/api/contracts/drafts/all -> 401
GET http://localhost:8000/api/contracts/ -> 401
GET http://localhost:8000/api/contract-documents/ -> 401
GET http://localhost:8000/api/contract-services/ -> 401
GET http://localhost:8000/api/contract-notes/ -> 401
GET http://localhost:8000/api/contract-payments/ -> 401
GET http://localhost:8000/api/contract-activity/ -> 401
GET http://localhost:8000/api/contracts/drafts/all -> 401
GET http://localhost:8000/api/contracts/ -> 401
GET http://localhost:8000/api/contract-services/ -> 401
GET http://localhost:8000/api/contracts/ -> 401
GET http://localhost:8000/api/contract-services/ -> 401
GET http://localhost:8000/api/contracts/ -> 401
GET http://localhost:8000/api/contract-services/ -> 401
GET http://localhost:8000/api/contract-documents/ -> 401
GET http://localhost:8000/api/contract-notes/ -> 401
GET http://localhost:8000/api/contract-payments/ -> 401
GET http://localhost:8000/api/contract-activity/ -> 401
GET http://localhost:8000/api/contracts/drafts/all -> 401
GET http://localhost:8000/api/contracts/ -> 401
GET http://localhost:8000/api/contract-services/ -> 401
GET http://localhost:8000/api/contract-documents/ -> 401
GET http://localhost:8000/api/contract-notes/ -> 401
GET http://localhost:8000/api/contract-payments/ -> 401
GET http://localhost:8000/api/contract-activity/ -> 401
GET http://localhost:8000/api/contracts/drafts/all -> 401
GET http://localhost:8000/api/contracts/ -> 401
GET http://localhost:8000/api/contract-services/ -> 401
GET http://localhost:8000/api/contracts/ -> 401
GET http://localhost:8000/api/contract-services/ -> 401
GET http://localhost:8000/api/contract-payments/ -> 401
GET http://localhost:8000/api/contract-services/ -> 401
GET http://localhost:8000/api/contracts/ -> 401
GET http://localhost:8000/api/contract-notes/ -> 401
GET http://localhost:8000/api/contract-documents/ -> 401
GET http://localhost:8000/api/contract-activity/ -> 401
GET http://localhost:8000/api/contract-notes/ -> 401
GET http://localhost:8000/api/auth/me -> 401
GET http://localhost:8000/api/contract-payments/ -> 401
GET http://localhost:8000/api/contract-services/ -> 401
GET http://localhost:8000/api/contracts/drafts/all -> 401
GET http://localhost:8000/api/contracts/ -> 401
GET http://localhost:8000/api/contract-documents/ -> 401
GET http://localhost:8000/api/contract-activity/ -> 401
GET http://localhost:8000/api/auth/me -> 401
GET http://localhost:8000/api/contracts/drafts/all -> 401
GET http://localhost:8000/api/contract-services/ -> 401
GET http://localhost:8000/api/contracts/ -> 401
GET http://localhost:8000/api/contract-services/ -> 401
GET http://localhost:8000/api/contracts/ -> 401
GET http://localhost:8000/api/contracts/ -> 401
GET http://localhost:8000/api/contract-services/ -> 401
GET http://localhost:8000/api/contract-documents/ -> 401
GET http://localhost:8000/api/contract-notes/ -> 401
GET http://localhost:8000/api/contract-payments/ -> 401
GET http://localhost:8000/api/contract-activity/ -> 401
GET http://localhost:8000/api/contracts/drafts/all -> 401
GET http://localhost:8000/api/contracts/ -> 401
GET http://localhost:8000/api/contract-services/ -> 401
GET http://localhost:8000/api/contract-documents/ -> 401
GET http://localhost:8000/api/contract-notes/ -> 401
GET http://localhost:8000/api/contract-payments/ -> 401
GET http://localhost:8000/api/contract-activity/ -> 401
GET http://localhost:8000/api/contracts/drafts/all -> 401
GET http://localhost:8000/api/contracts/ -> 401
GET http://localhost:8000/api/contract-services/ -> 401
GET http://localhost:8000/api/contracts/ -> 401
GET http://localhost:8000/api/contract-services/ -> 401
GET http://localhost:8000/api/contracts/ -> 401
GET http://localhost:8000/api/contract-services/ -> 401
GET http://localhost:8000/api/contract-documents/ -> 401
GET http://localhost:8000/api/contract-notes/ -> 401
GET http://localhost:8000/api/contract-payments/ -> 401
GET http://localhost:8000/api/contract-activity/ -> 401
GET http://localhost:8000/api/contracts/drafts/all -> 401
GET http://localhost:8000/api/contracts/ -> 401
GET http://localhost:8000/api/contract-services/ -> 401
GET http://localhost:8000/api/contract-documents/ -> 401
GET http://localhost:8000/api/contract-notes/ -> 401
GET http://localhost:8000/api/contract-payments/ -> 401
GET http://localhost:8000/api/contract-activity/ -> 401
GET http://localhost:8000/api/contracts/drafts/all -> 401
GET http://localhost:8000/api/contracts/ -> 401
GET http://localhost:8000/api/contract-services/ -> 401
GET http://localhost:8000/api/contracts/ -> 401
GET http://localhost:8000/api/contract-services/ -> 401
GET http://localhost:8000/api/contracts/ -> 401
GET http://localhost:8000/api/contract-services/ -> 401
GET http://localhost:8000/api/contracts/ -> 401
GET http://localhost:8000/api/contract-services/ -> 401
GET http://localhost:8000/api/contract-documents/ -> 401
GET http://localhost:8000/api/contract-notes/ -> 401
GET http://localhost:8000/api/contract-payments/ -> 401
GET http://localhost:8000/api/contract-activity/ -> 401
GET http://localhost:8000/api/contracts/drafts/all -> 401
GET http://localhost:8000/api/contracts/ -> 401
GET http://localhost:8000/api/contract-services/ -> 401
GET http://localhost:8000/api/contracts/ -> 401
GET http://localhost:8000/api/contract-services/ -> 401
GET http://localhost:8000/api/contract-documents/ -> 401
GET http://localhost:8000/api/contract-notes/ -> 401
GET http://localhost:8000/api/contract-payments/ -> 401
GET http://localhost:8000/api/contract-activity/ -> 401
GET http://localhost:8000/api/contracts/drafts/all -> 401
GET http://localhost:8000/api/contracts/ -> 401
GET http://localhost:8000/api/contract-services/ -> 401
GET http://localhost:8000/api/contract-documents/ -> 401
GET http://localhost:8000/api/contract-notes/ -> 401
GET http://localhost:8000/api/contract-payments/ -> 401
GET http://localhost:8000/api/contract-activity/ -> 401
GET http://localhost:8000/api/contracts/drafts/all -> 401
GET http://localhost:8000/api/contracts/ -> 401
GET http://localhost:8000/api/contract-services/ -> 401
GET http://localhost:8000/api/contract-documents/ -> 401
GET http://localhost:8000/api/contract-notes/ -> 401
GET http://localhost:8000/api/contract-payments/ -> 401
GET http://localhost:8000/api/contract-activity/ -> 401
GET http://localhost:8000/api/contracts/drafts/all -> 401
GET http://localhost:8000/api/contracts/ -> 401
GET http://localhost:8000/api/contract-services/ -> 401
GET http://localhost:8000/api/contracts/ -> 401
GET http://localhost:8000/api/contract-services/ -> 401
PUT http://localhost:8000/api/super-admin/companies/3/reset-password -> 404
PUT http://localhost:8000/api/super-admin/companies/3/reset-password -> 404
GET http://localhost:8000/api/contracts/ -> 401
GET http://localhost:8000/api/contract-documents/ -> 401
GET http://localhost:8000/api/contract-services/ -> 401
GET http://localhost:8000/api/contract-payments/ -> 401
GET http://localhost:8000/api/contract-notes/ -> 401
GET http://localhost:8000/api/contract-activity/ -> 401
GET http://localhost:8000/api/contracts/drafts/all -> 401
GET http://localhost:8000/api/contracts/ -> 401
GET http://localhost:8000/api/contract-services/ -> 401
GET http://localhost:8000/api/contracts/ -> 401
GET http://localhost:8000/api/contract-services/ -> 401
GET http://localhost:8000/api/contracts/ -> 401
GET http://localhost:8000/api/contract-services/ -> 401
GET http://localhost:8000/api/contract-documents/ -> 401
GET http://localhost:8000/api/contract-notes/ -> 401
GET http://localhost:8000/api/contract-activity/ -> 401
GET http://localhost:8000/api/contract-payments/ -> 401
GET http://localhost:8000/api/contracts/drafts/all -> 401
GET http://localhost:8000/api/contracts/ -> 401
GET http://localhost:8000/api/contract-services/ -> 401
GET http://localhost:8000/api/contract-payments/ -> 401
GET http://localhost:8000/api/contract-notes/ -> 401
GET http://localhost:8000/api/contract-documents/ -> 401
GET http://localhost:8000/api/contract-activity/ -> 401
GET http://localhost:8000/api/contracts/drafts/all -> 401
GET http://localhost:8000/api/contracts/ -> 401
GET http://localhost:8000/api/contract-services/ -> 401
GET http://localhost:8000/api/contract-payments/ -> 401
GET http://localhost:8000/api/contract-notes/ -> 401
GET http://localhost:8000/api/contract-documents/ -> 401
GET http://localhost:8000/api/contract-activity/ -> 401
GET http://localhost:8000/api/contracts/drafts/all -> 401
GET http://localhost:8000/api/contracts/ -> 401
GET http://localhost:8000/api/contract-services/ -> 401
GET http://localhost:8000/api/contracts/ -> 401
GET http://localhost:8000/api/contract-services/ -> 401
GET http://localhost:8000/api/contracts/ -> 401
GET http://localhost:8000/api/contract-services/ -> 401
GET http://localhost:8000/api/contract-documents/ -> 401
GET http://localhost:8000/api/contract-services/ -> 401
GET http://localhost:8000/api/contract-notes/ -> 401
GET http://localhost:8000/api/contracts/ -> 401
GET http://localhost:8000/api/contract-payments/ -> 401
GET http://localhost:8000/api/contract-activity/ -> 401
GET http://localhost:8000/api/contracts/ -> 401
GET http://localhost:8000/api/contract-services/ -> 401
GET http://localhost:8000/api/contracts/drafts/all -> 401
GET http://localhost:8000/api/contract-documents/ -> 401
GET http://localhost:8000/api/contracts/ -> 401
GET http://localhost:8000/api/contract-services/ -> 401
GET http://localhost:8000/api/contract-notes/ -> 401
GET http://localhost:8000/api/contract-payments/ -> 401
GET http://localhost:8000/api/contract-activity/ -> 401
GET http://localhost:8000/api/contracts/drafts/all -> 401
POST http://localhost:8000/api/super-admin/companies -> 400
GET http://localhost:8000/api/contracts/ -> 401
GET http://localhost:8000/api/contract-payments/ -> 401
GET http://localhost:8000/api/contract-services/ -> 401
GET http://localhost:8000/api/contract-activity/ -> 401
GET http://localhost:8000/api/contract-documents/ -> 401
GET http://localhost:8000/api/contract-notes/ -> 401
GET http://localhost:8000/api/contracts/drafts/all -> 401
GET http://localhost:8000/api/contracts/ -> 401
GET http://localhost:8000/api/contract-payments/ -> 401
GET http://localhost:8000/api/contract-services/ -> 401
GET http://localhost:8000/api/contract-activity/ -> 401
GET http://localhost:8000/api/contract-documents/ -> 401
GET http://localhost:8000/api/contract-notes/ -> 401
GET http://localhost:8000/api/contracts/drafts/all -> 401
GET http://localhost:8000/api/contracts/ -> 401
GET http://localhost:8000/api/contract-services/ -> 401
GET http://localhost:8000/api/contracts/ -> 401
GET http://localhost:8000/api/contract-services/ -> 401
GET http://localhost:8000/api/contracts/ -> 401
GET http://localhost:8000/api/contract-services/ -> 401
GET http://localhost:8000/api/contract-documents/ -> 401
GET http://localhost:8000/api/contract-notes/ -> 401
GET http://localhost:8000/api/contract-payments/ -> 401
GET http://localhost:8000/api/contract-activity/ -> 401
GET http://localhost:8000/api/contracts/drafts/all -> 401
GET http://localhost:8000/api/contracts/ -> 401
GET http://localhost:8000/api/contract-services/ -> 401
GET http://localhost:8000/api/contract-documents/ -> 401
GET http://localhost:8000/api/contract-notes/ -> 401
GET http://localhost:8000/api/contract-payments/ -> 401
GET http://localhost:8000/api/contract-activity/ -> 401
GET http://localhost:8000/api/contracts/drafts/all -> 401
GET http://localhost:8000/api/contracts/ -> 401
GET http://localhost:8000/api/contracts/ -> 401
GET http://localhost:8000/api/contract-services/ -> 401
GET http://localhost:8000/api/contract-services/ -> 401
GET http://localhost:8000/api/contracts/ -> 401
GET http://localhost:8000/api/contract-documents/ -> 401
GET http://localhost:8000/api/contract-services/ -> 401
GET http://localhost:8000/api/contract-notes/ -> 401
GET http://localhost:8000/api/contract-activity/ -> 401
GET http://localhost:8000/api/contract-payments/ -> 401
GET http://localhost:8000/api/contracts/drafts/all -> 401
GET http://localhost:8000/api/contracts/ -> 401
GET http://localhost:8000/api/contract-documents/ -> 401
GET http://localhost:8000/api/contract-services/ -> 401
GET http://localhost:8000/api/contract-notes/ -> 401
GET http://localhost:8000/api/contract-activity/ -> 401
GET http://localhost:8000/api/contract-payments/ -> 401
GET http://localhost:8000/api/contracts/drafts/all -> 401
GET http://localhost:8000/api/contracts/ -> 401
GET http://localhost:8000/api/contract-services/ -> 401
GET http://localhost:8000/api/contracts/ -> 401
GET http://localhost:8000/api/contract-services/ -> 401
GET http://localhost:8000/api/contracts/ -> 401
GET http://localhost:8000/api/contract-services/ -> 401
GET http://localhost:8000/api/contract-documents/ -> 401
GET http://localhost:8000/api/contract-notes/ -> 401
GET http://localhost:8000/api/contract-payments/ -> 401
GET http://localhost:8000/api/contract-activity/ -> 401
GET http://localhost:8000/api/contracts/drafts/all -> 401
GET http://localhost:8000/api/contracts/ -> 401
GET http://localhost:8000/api/contract-services/ -> 401
GET http://localhost:8000/api/contract-documents/ -> 401
GET http://localhost:8000/api/contract-notes/ -> 401
GET http://localhost:8000/api/contract-payments/ -> 401
GET http://localhost:8000/api/contract-activity/ -> 401
GET http://localhost:8000/api/contracts/drafts/all -> 401
GET http://localhost:8000/api/contracts/ -> 401
GET http://localhost:8000/api/contract-services/ -> 401
GET http://localhost:8000/api/contracts/ -> 401
GET http://localhost:8000/api/contract-services/ -> 401
GET http://localhost:8000/api/contracts/ -> 401
GET http://localhost:8000/api/contract-services/ -> 401
GET http://localhost:8000/api/contract-activity/ -> 401
GET http://localhost:8000/api/contract-documents/ -> 401
GET http://localhost:8000/api/contract-notes/ -> 401
GET http://localhost:8000/api/contract-payments/ -> 401
GET http://localhost:8000/api/contracts/drafts/all -> 401
GET http://localhost:8000/api/contracts/ -> 401
GET http://localhost:8000/api/contract-services/ -> 401
GET http://localhost:8000/api/contract-activity/ -> 401
GET http://localhost:8000/api/contract-documents/ -> 401
GET http://localhost:8000/api/contract-payments/ -> 401
GET http://localhost:8000/api/contract-notes/ -> 401
GET http://localhost:8000/api/contracts/drafts/all -> 401
GET http://localhost:8000/api/contracts/ -> 401
GET http://localhost:8000/api/contract-services/ -> 401
GET http://localhost:8000/api/contracts/ -> 401
GET http://localhost:8000/api/contract-services/ -> 401
GET http://localhost:8000/api/contracts/ -> 401
GET http://localhost:8000/api/contract-documents/ -> 401
GET http://localhost:8000/api/contract-activity/ -> 401
GET http://localhost:8000/api/contract-services/ -> 401
GET http://localhost:8000/api/contract-payments/ -> 401
GET http://localhost:8000/api/contract-notes/ -> 401
GET http://localhost:8000/api/contracts/drafts/all -> 401
GET http://localhost:8000/api/contracts/ -> 401
GET http://localhost:8000/api/contract-documents/ -> 401
GET http://localhost:8000/api/contract-activity/ -> 401
GET http://localhost:8000/api/contract-services/ -> 401
GET http://localhost:8000/api/contract-notes/ -> 401
GET http://localhost:8000/api/contract-payments/ -> 401
GET http://localhost:8000/api/contracts/drafts/all -> 401
GET http://localhost:8000/api/contracts/ -> 401
GET http://localhost:8000/api/contract-services/ -> 401
GET http://localhost:8000/api/contracts/ -> 401
GET http://localhost:8000/api/contract-services/ -> 401
GET http://localhost:8000/api/contracts/ -> 401
GET http://localhost:8000/api/contract-activity/ -> 401
GET http://localhost:8000/api/contract-documents/ -> 401
GET http://localhost:8000/api/contract-notes/ -> 401
GET http://localhost:8000/api/contract-services/ -> 401
GET http://localhost:8000/api/contract-payments/ -> 401
GET http://localhost:8000/api/contracts/drafts/all -> 401
GET http://localhost:8000/api/contracts/ -> 401
GET http://localhost:8000/api/contract-activity/ -> 401
GET http://localhost:8000/api/contract-documents/ -> 401
GET http://localhost:8000/api/contract-notes/ -> 401
GET http://localhost:8000/api/contract-payments/ -> 401
GET http://localhost:8000/api/contracts/drafts/all -> 401
GET http://localhost:8000/api/contract-services/ -> 401
GET http://localhost:8000/api/contracts/ -> 401
GET http://localhost:8000/api/contract-services/ -> 401
GET http://localhost:8000/api/contracts/ -> 401
GET http://localhost:8000/api/contract-services/ -> 401
GET http://localhost:8000/api/contracts/ -> 401
GET http://localhost:8000/api/contract-services/ -> 401
GET http://localhost:8000/api/contract-notes/ -> 401
GET http://localhost:8000/api/contract-activity/ -> 401
GET http://localhost:8000/api/contract-documents/ -> 401
GET http://localhost:8000/api/contract-payments/ -> 401
GET http://localhost:8000/api/contracts/drafts/all -> 401
GET http://localhost:8000/api/contracts/ -> 401
GET http://localhost:8000/api/contract-services/ -> 401
GET http://localhost:8000/api/contract-notes/ -> 401
GET http://localhost:8000/api/contract-activity/ -> 401
GET http://localhost:8000/api/contract-documents/ -> 401
GET http://localhost:8000/api/contract-payments/ -> 401
GET http://localhost:8000/api/contracts/drafts/all -> 401
GET http://localhost:8000/api/contracts/ -> 401
GET http://localhost:8000/api/contract-services/ -> 401
GET http://localhost:8000/api/contracts/ -> 401
GET http://localhost:8000/api/contract-services/ -> 401
PUT http://localhost:8000/api/super-admin/companies/3/reset-password -> 403
PUT http://localhost:8000/api/super-admin/companies/3/reset-password -> 403
PUT http://localhost:8000/api/super-admin/companies/3/reset-password -> 403
POST http://localhost:8000/api/super-admin/login -> 401
POST http://localhost:8000/api/super-admin/login -> 401
POST http://localhost:8000/api/super-admin/login -> 401
PUT http://localhost:8000/api/super-admin/companies/3/reset-password -> 500
500: Exception: 'action_type' is an invalid keyword argument for AuditLog
Traceback (most recent call last):
  File "D:\Cab_Management_system\backend\routes\super_admin.py", line 381, in reset_company_password
    new_audit = AuditLog(
        action=f"Reset password for company head ({head_user.email})",
    ...<4 lines>...
        timestamp=datetime.now().isoformat()
    )
  File "<string>", line 4, in __init__
  File "D:\Cab_Management_system\backend\venv\Lib\site-packages\sqlalchemy\orm\state.py", line 596, in _initialize_instance
    with util.safe_reraise():
         ~~~~~~~~~~~~~~~~~^^
  File "D:\Cab_Management_system\backend\venv\Lib\site-packages\sqlalchemy\util\langhelpers.py", line 122, in __exit__
    raise exc_value.with_traceback(exc_tb)
  File "D:\Cab_Management_system\backend\venv\Lib\site-packages\sqlalchemy\orm\state.py", line 594, in _initialize_instance
    manager.original_init(*mixed[1:], **kwargs)
    ~~~~~~~~~~~~~~~~~~~~~^^^^^^^^^^^^^^^^^^^^^^
  File "D:\Cab_Management_system\backend\venv\Lib\site-packages\sqlalchemy\orm\decl_base.py", line 2179, in _declarative_constructor
    raise TypeError(
        "%r is an invalid keyword argument for %s" % (k, cls_.__name__)
    )
TypeError: 'action_type' is an invalid keyword argument for AuditLog

PUT http://localhost:8000/api/super-admin/companies/3/reset-password -> 500
403: JWT Error: Signature has expired.
PUT http://localhost:8000/api/super-admin/companies/3/reset-password -> 403
GET http://localhost:8000/api/contracts/ -> 401
GET http://localhost:8000/api/contract-services/ -> 401
GET http://localhost:8000/api/contracts/ -> 401
GET http://localhost:8000/api/contract-services/ -> 401
GET http://localhost:8000/api/contract-documents/ -> 401
GET http://localhost:8000/api/contract-notes/ -> 401
GET http://localhost:8000/api/contract-payments/ -> 401
GET http://localhost:8000/api/contract-activity/ -> 401
GET http://localhost:8000/api/contracts/drafts/all -> 401
GET http://localhost:8000/api/contracts/ -> 401
GET http://localhost:8000/api/contract-services/ -> 401
GET http://localhost:8000/api/contracts/ -> 401
GET http://localhost:8000/api/contract-services/ -> 401
GET http://localhost:8000/api/contract-documents/ -> 401
GET http://localhost:8000/api/contract-notes/ -> 401
GET http://localhost:8000/api/contract-payments/ -> 401
GET http://localhost:8000/api/contract-activity/ -> 401
GET http://localhost:8000/api/contracts/drafts/all -> 401
403: JWT Error: Signature has expired.
PUT http://localhost:8000/api/super-admin/companies/3/reset-password -> 403
403: JWT Error: Signature has expired.
PUT http://localhost:8000/api/super-admin/companies/3/reset-password -> 403
403: JWT Error: Signature has expired.
PUT http://localhost:8000/api/super-admin/companies/3/reset-password -> 403
403: JWT Error: Signature has expired.
PUT http://localhost:8000/api/super-admin/companies/3/reset-password -> 403
403: JWT Error: Signature has expired.
PUT http://localhost:8000/api/super-admin/companies/3/reset-password -> 403
403: JWT Error: Signature has expired.
PUT http://localhost:8000/api/super-admin/companies/3/reset-password -> 403
403: JWT Error: Signature has expired.
PUT http://localhost:8000/api/super-admin/companies/3/reset-password -> 403
403: JWT Error: Signature has expired.
PUT http://localhost:8000/api/super-admin/companies/3/reset-password -> 403
403: JWT Error: Signature has expired.
PUT http://localhost:8000/api/super-admin/companies/3/reset-password -> 403
403: JWT Error: Signature has expired.
PUT http://localhost:8000/api/super-admin/companies/3/reset-password -> 403
403: JWT Error: Signature has expired.
PUT http://localhost:8000/api/super-admin/companies/3/reset-password -> 403
PUT http://localhost:8000/api/super-admin/companies/3/reset-password -> 403
PUT http://localhost:8000/api/super-admin/companies/3/reset-password -> 403
PUT http://localhost:8000/api/super-admin/companies/3/reset-password -> 403
PUT http://localhost:8000/api/super-admin/companies/3/reset-password -> 403
PUT http://localhost:8000/api/super-admin/companies/14/reset-password -> 403
403_DEBUG: Token expired: Signature has expired.
PUT http://localhost:8000/api/super-admin/companies/3/reset-password -> 403
GET http://localhost:8000/api/contracts/ -> 401
GET http://localhost:8000/api/contract-services/ -> 401
GET http://localhost:8000/api/contract-notes/ -> 401
GET http://localhost:8000/api/contract-documents/ -> 401
GET http://localhost:8000/api/contracts/ -> 401
GET http://localhost:8000/api/contract-services/ -> 401
GET http://localhost:8000/api/contract-payments/ -> 401
GET http://localhost:8000/api/contract-activity/ -> 401
GET http://localhost:8000/api/contracts/drafts/all -> 401
GET http://localhost:8000/api/contracts/ -> 401
GET http://localhost:8000/api/contract-services/ -> 401
GET http://localhost:8000/api/contracts/ -> 401
GET http://localhost:8000/api/contract-services/ -> 401
GET http://localhost:8000/api/contract-documents/ -> 401
GET http://localhost:8000/api/contract-notes/ -> 401
GET http://localhost:8000/api/contract-payments/ -> 401
GET http://localhost:8000/api/contract-activity/ -> 401
GET http://localhost:8000/api/contracts/drafts/all -> 401
GET http://localhost:8000/api/contracts/ -> 401
GET http://localhost:8000/api/contract-services/ -> 401
GET http://localhost:8000/api/contract-documents/ -> 401
GET http://localhost:8000/api/contract-notes/ -> 401
GET http://localhost:8000/api/contract-payments/ -> 401
GET http://localhost:8000/api/contract-activity/ -> 401
GET http://localhost:8000/api/contracts/drafts/all -> 401
GET http://localhost:8000/api/contracts/ -> 401
GET http://localhost:8000/api/contract-services/ -> 401
GET http://localhost:8000/api/contract-documents/ -> 401
GET http://localhost:8000/api/contract-notes/ -> 401
GET http://localhost:8000/api/contract-payments/ -> 401
GET http://localhost:8000/api/contract-activity/ -> 401
GET http://localhost:8000/api/contracts/drafts/all -> 401
GET http://localhost:8000/api/contracts/ -> 401
GET http://localhost:8000/api/contract-services/ -> 401
GET http://localhost:8000/api/contracts/ -> 401
GET http://localhost:8000/api/contract-services/ -> 401
POST http://localhost:8000/api/audit-logs/ -> 401
POST http://localhost:8000/api/audit-logs/ -> 401
GET http://localhost:8000/api/contract-services/ -> 401
GET http://localhost:8000/api/contracts/ -> 401
GET http://localhost:8000/api/contract-documents/ -> 401
GET http://localhost:8000/api/contract-notes/ -> 401
GET http://localhost:8000/api/contract-payments/ -> 401
GET http://localhost:8000/api/contract-activity/ -> 401
GET http://localhost:8000/api/contracts/drafts/all -> 401
GET http://localhost:8000/api/contract-services/ -> 401
GET http://localhost:8000/api/contracts/ -> 401
GET http://localhost:8000/api/contract-documents/ -> 401
GET http://localhost:8000/api/contract-notes/ -> 401
GET http://localhost:8000/api/contract-payments/ -> 401
GET http://localhost:8000/api/contract-activity/ -> 401
GET http://localhost:8000/api/contracts/drafts/all -> 401
GET http://localhost:8000/api/contract-services/ -> 401
GET http://localhost:8000/api/contracts/ -> 401
GET http://localhost:8000/api/contract-services/ -> 401
GET http://localhost:8000/api/contracts/ -> 401
GET http://localhost:8000/api/contracts/ -> 401
GET http://localhost:8000/api/contract-documents/ -> 401
GET http://localhost:8000/api/contracts/ -> 401
GET http://localhost:8000/api/contract-services/ -> 401
GET http://localhost:8000/api/contract-services/ -> 401
GET http://localhost:8000/api/contract-notes/ -> 401
GET http://localhost:8000/api/contract-payments/ -> 401
GET http://localhost:8000/api/contract-activity/ -> 401
GET http://localhost:8000/api/contracts/ -> 401
GET http://localhost:8000/api/contracts/drafts/all -> 401
GET http://localhost:8000/api/contract-services/ -> 401
GET http://localhost:8000/api/contracts/ -> 401
GET http://localhost:8000/api/contract-services/ -> 401
GET http://localhost:8000/api/contract-documents/ -> 401
GET http://localhost:8000/api/contract-notes/ -> 401
GET http://localhost:8000/api/contract-payments/ -> 401
GET http://localhost:8000/api/contract-activity/ -> 401
GET http://localhost:8000/api/contracts/drafts/all -> 401
GET http://localhost:8000/api/contracts/ -> 401
GET http://localhost:8000/api/contract-services/ -> 401
GET http://localhost:8000/api/contract-documents/ -> 401
GET http://localhost:8000/api/contract-payments/ -> 401
GET http://localhost:8000/api/contract-notes/ -> 401
GET http://localhost:8000/api/contract-activity/ -> 401
GET http://localhost:8000/api/contracts/drafts/all -> 401
GET http://localhost:8000/api/contracts/ -> 401
GET http://localhost:8000/api/contract-services/ -> 401
GET http://localhost:8000/api/contract-documents/ -> 401
GET http://localhost:8000/api/contract-payments/ -> 401
GET http://localhost:8000/api/contract-notes/ -> 401
GET http://localhost:8000/api/contract-activity/ -> 401
GET http://localhost:8000/api/contracts/drafts/all -> 401
GET http://localhost:8000/api/contracts/ -> 401
GET http://localhost:8000/api/contract-services/ -> 401
GET http://localhost:8000/api/contracts/ -> 401
GET http://localhost:8000/api/contract-services/ -> 401
POST http://localhost:8000/api/audit-logs/ -> 401
GET http://localhost:8000/api/contract-services/ -> 401
GET http://localhost:8000/api/contracts/ -> 401
GET http://localhost:8000/api/contract-documents/ -> 401
GET http://localhost:8000/api/contract-notes/ -> 401
GET http://localhost:8000/api/contract-payments/ -> 401
GET http://localhost:8000/api/contract-activity/ -> 401
GET http://localhost:8000/api/contracts/drafts/all -> 401
GET http://localhost:8000/api/contract-services/ -> 401
GET http://localhost:8000/api/contracts/ -> 401
GET http://localhost:8000/api/contract-documents/ -> 401
GET http://localhost:8000/api/contract-notes/ -> 401
GET http://localhost:8000/api/contract-payments/ -> 401
GET http://localhost:8000/api/contract-activity/ -> 401
GET http://localhost:8000/api/contracts/drafts/all -> 401
GET http://localhost:8000/api/contract-services/ -> 401
GET http://localhost:8000/api/contracts/ -> 401
GET http://localhost:8000/api/contract-services/ -> 401
GET http://localhost:8000/api/contracts/ -> 401
GET http://localhost:8000/api/contracts/ -> 401
GET http://localhost:8000/api/contract-services/ -> 401
GET http://localhost:8000/api/contract-documents/ -> 401
GET http://localhost:8000/api/contract-notes/ -> 401
GET http://localhost:8000/api/contract-payments/ -> 401
GET http://localhost:8000/api/contract-activity/ -> 401
GET http://localhost:8000/api/contracts/drafts/all -> 401
GET http://localhost:8000/api/contracts/ -> 401
GET http://localhost:8000/api/contract-services/ -> 401
GET http://localhost:8000/api/contract-documents/ -> 401
GET http://localhost:8000/api/contract-notes/ -> 401
GET http://localhost:8000/api/contract-payments/ -> 401
GET http://localhost:8000/api/contract-activity/ -> 401
GET http://localhost:8000/api/contracts/drafts/all -> 401
GET http://localhost:8000/api/contracts/ -> 401
GET http://localhost:8000/api/contract-services/ -> 401
GET http://localhost:8000/api/contracts/ -> 401
GET http://localhost:8000/api/contract-services/ -> 401
POST http://localhost:8000/api/audit-logs/ -> 401
POST http://localhost:8000/api/auth/login -> 401
POST http://localhost:8000/api/auth/login -> 401
POST http://localhost:8000/api/auth/login -> 401
POST http://localhost:8000/api/audit-logs/ -> 401
POST http://localhost:8000/api/audit-logs/ -> 401
POST http://localhost:8000/api/super-admin/login -> 401
POST http://localhost:8000/api/super-admin/login -> 401
GET http://localhost:8000/api/contracts/ -> 401
GET http://localhost:8000/api/contract-services/ -> 401
GET http://localhost:8000/api/contract-documents/ -> 401
GET http://localhost:8000/api/contract-notes/ -> 401
GET http://localhost:8000/api/contract-payments/ -> 401
GET http://localhost:8000/api/contract-activity/ -> 401
GET http://localhost:8000/api/contracts/drafts/all -> 401
GET http://localhost:8000/api/contracts/ -> 401
GET http://localhost:8000/api/contract-services/ -> 401
GET http://localhost:8000/api/contract-documents/ -> 401
GET http://localhost:8000/api/contract-notes/ -> 401
GET http://localhost:8000/api/contract-payments/ -> 401
GET http://localhost:8000/api/contract-activity/ -> 401
GET http://localhost:8000/api/contracts/drafts/all -> 401
GET http://localhost:8000/api/contracts/ -> 401
GET http://localhost:8000/api/contract-services/ -> 401
GET http://localhost:8000/api/super-admin/dashboard-stats -> 401
GET http://localhost:8000/api/contracts/ -> 401
GET http://localhost:8000/api/contract-services/ -> 401
GET http://localhost:8000/api/super-admin/dashboard-stats -> 401
POST http://localhost:8000/api/super-admin/companies -> 400
POST http://localhost:8000/api/super-admin/companies -> 400
POST http://localhost:8000/api/super-admin/login -> 401
POST http://localhost:8000/api/super-admin/companies -> 400
GET http://localhost:8000/api/super-admin/users -> 401
GET http://localhost:8000/api/super-admin/users -> 401
GET http://localhost:8000/api/super-admin/announcements -> 401
GET http://localhost:8000/api/super-admin/announcements -> 401
GET http://localhost:8000/api/contract-documents/ -> 401
GET http://localhost:8000/api/contract-services/ -> 401
GET http://localhost:8000/api/contracts/ -> 401
GET http://localhost:8000/api/contract-notes/ -> 401
GET http://localhost:8000/api/contract-payments/ -> 401
GET http://localhost:8000/api/contract-activity/ -> 401
GET http://localhost:8000/api/contracts/drafts/all -> 401
GET http://localhost:8000/api/contract-documents/ -> 401
GET http://localhost:8000/api/contract-services/ -> 401
GET http://localhost:8000/api/contracts/ -> 401
GET http://localhost:8000/api/contract-notes/ -> 401
GET http://localhost:8000/api/contract-payments/ -> 401
GET http://localhost:8000/api/contract-activity/ -> 401
GET http://localhost:8000/api/contracts/drafts/all -> 401
GET http://localhost:8000/api/contract-services/ -> 401
GET http://localhost:8000/api/contracts/ -> 401
GET http://localhost:8000/api/contract-services/ -> 401
GET http://localhost:8000/api/contracts/ -> 401
POST http://localhost:8000/api/audit-logs/ -> 401
POST http://localhost:8000/api/audit-logs/ -> 401
POST http://localhost:8000/api/audit-logs/ -> 401
GET http://localhost:8000/api/contract-services/ -> 401
GET http://localhost:8000/api/contracts/ -> 401
GET http://localhost:8000/api/contract-notes/ -> 401
GET http://localhost:8000/api/contract-documents/ -> 401
GET http://localhost:8000/api/contract-payments/ -> 401
GET http://localhost:8000/api/contract-activity/ -> 401
GET http://localhost:8000/api/contracts/drafts/all -> 401
GET http://localhost:8000/api/contract-services/ -> 401
GET http://localhost:8000/api/contracts/ -> 401
GET http://localhost:8000/api/contract-notes/ -> 401
GET http://localhost:8000/api/contract-documents/ -> 401
GET http://localhost:8000/api/contract-payments/ -> 401
GET http://localhost:8000/api/contract-activity/ -> 401
GET http://localhost:8000/api/contracts/drafts/all -> 401
GET http://localhost:8000/api/contract-services/ -> 401
GET http://localhost:8000/api/super-admin/dashboard-stats -> 401
GET http://localhost:8000/api/contracts/ -> 401
GET http://localhost:8000/api/contract-services/ -> 401
GET http://localhost:8000/api/super-admin/dashboard-stats -> 401
GET http://localhost:8000/api/contracts/ -> 401
GET http://localhost:8000/api/super-admin/dashboard-stats -> 401
GET http://localhost:8000/api/super-admin/dashboard-stats -> 401
GET http://localhost:8000/api/contracts/ -> 401
GET http://localhost:8000/api/contract-services/ -> 401
GET http://localhost:8000/api/contract-notes/ -> 401
GET http://localhost:8000/api/contract-documents/ -> 401
GET http://localhost:8000/api/contract-payments/ -> 401
GET http://localhost:8000/api/contract-activity/ -> 401
GET http://localhost:8000/api/contracts/drafts/all -> 401
GET http://localhost:8000/api/contracts/ -> 401
GET http://localhost:8000/api/contract-services/ -> 401
GET http://localhost:8000/api/contract-notes/ -> 401
GET http://localhost:8000/api/contract-documents/ -> 401
GET http://localhost:8000/api/contract-payments/ -> 401
GET http://localhost:8000/api/contract-activity/ -> 401
GET http://localhost:8000/api/contracts/drafts/all -> 401
GET http://localhost:8000/api/contracts/ -> 401
GET http://localhost:8000/api/super-admin/dashboard-stats -> 401
GET http://localhost:8000/api/contract-services/ -> 401
GET http://localhost:8000/api/contracts/ -> 401
GET http://localhost:8000/api/super-admin/dashboard-stats -> 401
GET http://localhost:8000/api/contract-services/ -> 401
GET http://localhost:8000/api/super-admin/dashboard-stats -> 401
GET http://localhost:8000/api/super-admin/dashboard-stats -> 401
GET http://localhost:8000/api/super-admin/users -> 401
GET http://localhost:8000/api/super-admin/users -> 401
GET http://localhost:8000/api/super-admin/announcements -> 401
GET http://localhost:8000/api/super-admin/announcements -> 401
GET http://localhost:8000/api/super-admin/dashboard-stats -> 401
GET http://localhost:8000/api/super-admin/dashboard-stats -> 401
GET http://localhost:8000/api/contracts/ -> 401
GET http://localhost:8000/api/contract-services/ -> 401
GET http://localhost:8000/api/contract-notes/ -> 401
GET http://localhost:8000/api/contract-documents/ -> 401
GET http://localhost:8000/api/contracts/ -> 401
GET http://localhost:8000/api/contract-services/ -> 401
GET http://localhost:8000/api/contract-payments/ -> 401
GET http://localhost:8000/api/contract-activity/ -> 401
GET http://localhost:8000/api/contracts/drafts/all -> 401
GET http://localhost:8000/api/contracts/ -> 401
GET http://localhost:8000/api/contract-services/ -> 401
GET http://localhost:8000/api/contract-documents/ -> 401
GET http://localhost:8000/api/contract-notes/ -> 401
GET http://localhost:8000/api/contract-payments/ -> 401
GET http://localhost:8000/api/contract-activity/ -> 401
GET http://localhost:8000/api/contracts/drafts/all -> 401
GET http://localhost:8000/api/contracts/ -> 401
GET http://localhost:8000/api/contract-services/ -> 401
GET http://localhost:8000/api/contract-documents/ -> 401
GET http://localhost:8000/api/contract-notes/ -> 401
GET http://localhost:8000/api/contract-payments/ -> 401
GET http://localhost:8000/api/contract-activity/ -> 401
GET http://localhost:8000/api/contracts/drafts/all -> 401
GET http://localhost:8000/api/contracts/ -> 401
GET http://localhost:8000/api/contract-services/ -> 401
GET http://localhost:8000/api/contracts/ -> 401
GET http://localhost:8000/api/contract-services/ -> 401
GET http://localhost:8000/api/contracts/ -> 401
GET http://localhost:8000/api/contract-services/ -> 401
GET http://localhost:8000/api/contract-documents/ -> 401
GET http://localhost:8000/api/contracts/ -> 401
GET http://localhost:8000/api/contract-notes/ -> 401
GET http://localhost:8000/api/contract-payments/ -> 401
GET http://localhost:8000/api/contract-activity/ -> 401
GET http://localhost:8000/api/contracts/drafts/all -> 401
GET http://localhost:8000/api/contract-services/ -> 401
POST http://localhost:8000/api/audit-logs/ -> 401
POST http://localhost:8000/api/audit-logs/ -> 401
POST http://localhost:8000/api/audit-logs/ -> 401
POST http://localhost:8000/api/audit-logs/ -> 401
POST http://localhost:8000/api/auth/login -> 401
POST http://localhost:8000/api/auth/login -> 401
POST http://localhost:8000/api/super-admin/companies -> 400
